Product: MDK-ARM Professional 5.10
Component: ARM Compiler 5.04 update 1 (build 49)
Tool: armlink [5040049]

==============================================================================

Section Cross References

    main.o(.text) refers to misc.o(.text) for NVIC_PriorityGroupConfig
    main.o(.text) refers to delay.o(.text) for delay_init
    main.o(.text) refers to exti.o(.text) for EXTIX_Init
    main.o(.text) refers to led.o(.text) for LED_Init
    main.o(.text) refers to usart.o(.text) for uart_init
    main.o(.text) refers to pwm.o(.text) for TIM10_PWM_Init
    main.o(.text) refers to ctrl.o(.text) for set_point
    main.o(.text) refers to rt_memcpy_w.o(.text) for __aeabi_memcpy4
    main.o(.text) refers to mpu6050.o(.text) for MPU_Init
    main.o(.text) refers to inv_mpu.o(.text) for mpu_dmp_init
    main.o(.text) refers to noretval__2printf.o(.text) for __2printf
    main.o(.text) refers to main.o(.bss) for exp_point
    system_stm32f4xx.o(.text) refers to system_stm32f4xx.o(.data) for SystemCoreClock
    led.o(.text) refers to stm32f4xx_rcc.o(.text) for RCC_AHB1PeriphClockCmd
    led.o(.text) refers to stm32f4xx_gpio.o(.text) for GPIO_Init
    timer.o(.text) refers to stm32f4xx_rcc.o(.text) for RCC_APB1PeriphClockCmd
    timer.o(.text) refers to stm32f4xx_tim.o(.text) for TIM_TimeBaseInit
    timer.o(.text) refers to misc.o(.text) for NVIC_Init
    timer.o(.text) refers to ctrl.o(.text) for ctrl1
    timer.o(.text) refers to stm32f4xx_gpio.o(.text) for GPIO_SetBits
    timer.o(.text) refers to main.o(.bss) for exp_point
    timer.o(.text) refers to timer.o(.data) for flag
    myiic.o(.text) refers to stm32f4xx_rcc.o(.text) for RCC_AHB1PeriphClockCmd
    myiic.o(.text) refers to stm32f4xx_gpio.o(.text) for GPIO_Init
    myiic.o(.text) refers to delay.o(.text) for delay_us
    mpu6050.o(.text) refers to myiic.o(.text) for IIC_Start
    mpu6050.o(.text) refers to delay.o(.text) for delay_ms
    mpu6050.o(.text) refers to dflt_clz.o(x$fpl$dflt) for __aeabi_i2d
    mpu6050.o(.text) refers to ddiv.o(x$fpl$ddiv) for __aeabi_ddiv
    mpu6050.o(.text) refers to daddsub_clz.o(x$fpl$dadd) for __aeabi_dadd
    mpu6050.o(.text) refers to d2f.o(x$fpl$d2f) for __aeabi_d2f
    inv_mpu.o(.text) refers to _printf_pad.o(.text) for _printf_pre_padding
    inv_mpu.o(.text) refers to _printf_percent.o(.ARM.Collect$$_printf_percent$$00000000) for _printf_percent
    inv_mpu.o(.text) refers to _printf_x.o(.ARM.Collect$$_printf_percent$$0000000C) for _printf_x
    inv_mpu.o(.text) refers to _printf_hex_int.o(.text) for _printf_longlong_hex
    inv_mpu.o(.text) refers to _printf_d.o(.ARM.Collect$$_printf_percent$$00000009) for _printf_d
    inv_mpu.o(.text) refers to _printf_dec.o(.text) for _printf_int_dec
    inv_mpu.o(.text) refers to mpu6050.o(.text) for MPU_Write_Len
    inv_mpu.o(.text) refers to noretval__2printf.o(.text) for __2printf
    inv_mpu.o(.text) refers to delay.o(.text) for delay_ms
    inv_mpu.o(.text) refers to inv_mpu.o(.data) for st
    inv_mpu.o(.text) refers to inv_mpu.o(.conststring) for .conststring
    inv_mpu.o(.text) refers to inv_mpu.o(.constdata) for test
    inv_mpu.o(.text) refers to llsdiv.o(.text) for __aeabi_ldivmod
    inv_mpu.o(.text) refers to memcmp.o(.text) for memcmp
    inv_mpu.o(.text) refers to inv_mpu_dmp_motion_driver.o(.text) for dmp_set_gyro_bias
    inv_mpu.o(.text) refers to myiic.o(.text) for IIC_Init
    inv_mpu.o(.text) refers to f2d.o(x$fpl$f2d) for __aeabi_f2d
    inv_mpu.o(.text) refers to asin.o(i.__hardfp_asin) for __hardfp_asin
    inv_mpu.o(.text) refers to dmul.o(x$fpl$dmul) for __aeabi_dmul
    inv_mpu.o(.text) refers to d2f.o(x$fpl$d2f) for __aeabi_d2f
    inv_mpu.o(.text) refers to atan2.o(i.__hardfp_atan2) for __hardfp_atan2
    inv_mpu.o(.data) refers to inv_mpu.o(.constdata) for reg
    inv_mpu_dmp_motion_driver.o(.text) refers to inv_mpu.o(.text) for mpu_load_firmware
    inv_mpu_dmp_motion_driver.o(.text) refers to inv_mpu_dmp_motion_driver.o(.constdata) for dmp_memory
    inv_mpu_dmp_motion_driver.o(.text) refers to inv_mpu_dmp_motion_driver.o(.bss) for dmp
    inv_mpu_dmp_motion_driver.o(.text) refers to aeabi_memset.o(.text) for __aeabi_memset
    pid.o(.text) refers to rt_memcpy_w.o(.text) for __aeabi_memcpy4
    pid.o(.text) refers to daddsub_clz.o(x$fpl$dsub) for __aeabi_dsub
    pid.o(.text) refers to daddsub_clz.o(x$fpl$dadd) for __aeabi_dadd
    pid.o(.text) refers to dmul.o(x$fpl$dmul) for __aeabi_dmul
    pwm.o(.text) refers to stm32f4xx_rcc.o(.text) for RCC_APB2PeriphClockCmd
    pwm.o(.text) refers to stm32f4xx_gpio.o(.text) for GPIO_PinAFConfig
    pwm.o(.text) refers to stm32f4xx_tim.o(.text) for TIM_TimeBaseInit
    ctrl.o(.text) refers to _printf_percent.o(.ARM.Collect$$_printf_percent$$00000000) for _printf_percent
    ctrl.o(.text) refers to _printf_d.o(.ARM.Collect$$_printf_percent$$00000009) for _printf_d
    ctrl.o(.text) refers to _printf_dec.o(.text) for _printf_int_dec
    ctrl.o(.text) refers to pid.o(.text) for pid_set1
[...]
    x$fpl$dfltu                              0x08007e90   Section       38  dflt_clz.o(x$fpl$dfltu)
    $v0                                      0x08007e90   Number         0  dflt_clz.o(x$fpl$dfltu)
    x$fpl$dleqf                              0x08007eb8   Section      120  dleqf.o(x$fpl$dleqf)
    $v0                                      0x08007eb8   Number         0  dleqf.o(x$fpl$dleqf)
    x$fpl$dmul                               0x08007f30   Section      340  dmul.o(x$fpl$dmul)
    $v0                                      0x08007f30   Number         0  dmul.o(x$fpl$dmul)
    x$fpl$dnaninf                            0x08008084   Section      156  dnaninf.o(x$fpl$dnaninf)
    $v0                                      0x08008084   Number         0  dnaninf.o(x$fpl$dnaninf)
    x$fpl$dretinf                            0x08008120   Section       12  dretinf.o(x$fpl$dretinf)
    $v0                                      0x08008120   Number         0  dretinf.o(x$fpl$dretinf)
    x$fpl$drleqf                             0x0800812c   Section      108  drleqf.o(x$fpl$drleqf)
    $v0                                      0x0800812c   Number         0  drleqf.o(x$fpl$drleqf)
    x$fpl$drsb                               0x08008198   Section       22  daddsub_clz.o(x$fpl$drsb)
    $v0                                      0x08008198   Number         0  daddsub_clz.o(x$fpl$drsb)
    x$fpl$dsqrt                              0x080081b0   Section      408  dsqrt_umaal.o(x$fpl$dsqrt)
    $v0                                      0x080081b0   Number         0  dsqrt_umaal.o(x$fpl$dsqrt)
    x$fpl$dsub                               0x08008348   Section      468  daddsub_clz.o(x$fpl$dsub)
    $v0                                      0x08008348   Number         0  daddsub_clz.o(x$fpl$dsub)
    _dsub1                                   0x08008359   Thumb Code     0  daddsub_clz.o(x$fpl$dsub)
    x$fpl$f2d                                0x0800851c   Section       86  f2d.o(x$fpl$f2d)
    $v0                                      0x0800851c   Number         0  f2d.o(x$fpl$f2d)
    x$fpl$fnaninf                            0x08008572   Section      140  fnaninf.o(x$fpl$fnaninf)
    $v0                                      0x08008572   Number         0  fnaninf.o(x$fpl$fnaninf)
    x$fpl$fpinit                             0x080085fe   Section       10  fpinit.o(x$fpl$fpinit)
    $v0                                      0x080085fe   Number         0  fpinit.o(x$fpl$fpinit)
    x$fpl$fretinf                            0x08008608   Section       10  fretinf.o(x$fpl$fretinf)
    $v0                                      0x08008608   Number         0  fretinf.o(x$fpl$fretinf)
    x$fpl$usenofp                            0x08008612   Section        0  usenofp.o(x$fpl$usenofp)
    .constdata                               0x08008614   Section       80  inv_mpu.o(.constdata)
    .constdata                               0x08008664   Section     3062  inv_mpu_dmp_motion_driver.o(.constdata)
    dmp_memory                               0x08008664   Data        3062  inv_mpu_dmp_motion_driver.o(.constdata)
    .constdata                               0x0800925a   Section       40  _printf_hex_int.o(.constdata)
    uc_hextab                                0x0800925a   Data          20  _printf_hex_int.o(.constdata)
    lc_hextab                                0x0800926e   Data          20  _printf_hex_int.o(.constdata)
    .constdata                               0x08009282   Section       17  __printf_flags_wp.o(.constdata)
    maptable                                 0x08009282   Data          17  __printf_flags_wp.o(.constdata)
    .constdata                               0x08009298   Section       80  asin.o(.constdata)
    pS                                       0x08009298   Data          48  asin.o(.constdata)
    qS                                       0x080092c8   Data          32  asin.o(.constdata)
    .constdata                               0x080092e8   Section      152  atan.o(.constdata)
    atanhi                                   0x080092e8   Data          32  atan.o(.constdata)
    atanlo                                   0x08009308   Data          32  atan.o(.constdata)
    aTodd                                    0x08009328   Data          40  atan.o(.constdata)
    aTeven                                   0x08009350   Data          48  atan.o(.constdata)
    .constdata                               0x08009380   Section        8  qnan.o(.constdata)
    .conststring                             0x08009388   Section       77  inv_mpu.o(.conststring)
    .data                                    0x20000000   Section       20  system_stm32f4xx.o(.data)
    .data                                    0x20000014   Section        1  timer.o(.data)
    .data                                    0x20000018   Section       53  inv_mpu.o(.data)
    st                                       0x20000018   Data          44  inv_mpu.o(.data)
    gyro_orientation                         0x20000044   Data           9  inv_mpu.o(.data)
    .data                                    0x20000050   Section       24  ctrl.o(.data)
    .data                                    0x20000068   Section        4  delay.o(.data)
    fac_us                                   0x20000068   Data           1  delay.o(.data)
    fac_ms                                   0x2000006a   Data           2  delay.o(.data)
    .data                                    0x2000006c   Section        6  usart.o(.data)
    .data                                    0x20000072   Section       16  stm32f4xx_rcc.o(.data)
    APBAHBPrescTable                         0x20000072   Data          16  stm32f4xx_rcc.o(.data)
    .bss                                     0x20000088   Section       32  main.o(.bss)
    .bss                                     0x200000a8   Section       16  inv_mpu_dmp_motion_driver.o(.bss)
    dmp                                      0x200000a8   Data          16  inv_mpu_dmp_motion_driver.o(.bss)
    .bss                                     0x200000b8   Section      200  usart.o(.bss)
    .bss                                     0x20000180   Section       96  libspace.o(.bss)
    HEAP                                     0x200001e0   Section      512  startup_stm32f40_41xxx.o(HEAP)
    Heap_Mem                                 0x200001e0   Data         512  startup_stm32f40_41xxx.o(HEAP)
    STACK                                    0x200003e0   Section     1024  startup_stm32f40_41xxx.o(STACK)
    Stack_Mem                                0x200003e0   Data        1024  startup_stm32f40_41xxx.o(STACK)
    __initial_sp                             0x200007e0   Data           0  startup_stm32f40_41xxx.o(STACK)

    Global Symbols

    Symbol Name                              Value     Ov Type        Size  Object(Section)

    BuildAttributes$$THM_ISAv4$E$P$D$K$B$S$7EM$VFPi3$EXTD16$VFPS$VFMA$PE$A:L22UL41UL21$X:L11$S22US41US21$IEEE1$IW$USESV6$~STKCKD$USESV7$~SHL$OTIME$ROPI$IEEEX$EBA8$UX$STANDARDLIB$REQ8$PRES8$EABIv2 0x00000000   Number         0  anon$$obj.o ABSOLUTE
    __ARM_use_no_argv                        0x00000000   Number         0  main.o ABSOLUTE
    _printf_flags                            0x00000000   Number         0  printf_stubs.o ABSOLUTE
    _printf_return_value                     0x00000000   Number         0  printf_stubs.o ABSOLUTE
    _printf_sizespec                         0x00000000   Number         0  printf_stubs.o ABSOLUTE
    _printf_widthprec                        0x00000000   Number         0  printf_stubs.o ABSOLUTE
    __ARM_exceptions_init                     - Undefined Weak Reference
    __alloca_initialize                       - Undefined Weak Reference
    __cpp_initialize__aeabi_                  - Undefined Weak Reference
    __cxa_finalize                            - Undefined Weak Reference
    __rt_locale                               - Undefined Weak Reference
    __sigvec_lookup                           - Undefined Weak Reference
    _atexit_init                              - Undefined Weak Reference
    _call_atexit_fns                          - Undefined Weak Reference
    _clock_init                               - Undefined Weak Reference
    _fp_trap_init                             - Undefined Weak Reference
    _fp_trap_shutdown                         - Undefined Weak Reference
    _get_lc_collate                           - Undefined Weak Reference
    _get_lc_ctype                             - Undefined Weak Reference
    _get_lc_monetary                          - Undefined Weak Reference
    _get_lc_numeric                           - Undefined Weak Reference
    _get_lc_time                              - Undefined Weak Reference
    _getenv_init                              - Undefined Weak Reference
    _handle_redirection                       - Undefined Weak Reference
    _init_alloc                               - Undefined Weak Reference
    _init_user_alloc                          - Undefined Weak Reference
    _initio                                   - Undefined Weak Reference
    _mutex_acquire                            - Undefined Weak Reference
    _mutex_release                            - Undefined Weak Reference
    _printf_truncate_signed                   - Undefined Weak Reference
    _printf_truncate_unsigned                 - Undefined Weak Reference
    _rand_init                                - Undefined Weak Reference
    _signal_finish                            - Undefined Weak Reference
    _signal_init                              - Undefined Weak Reference
    _terminate_alloc                          - Undefined Weak Reference
    _terminate_user_alloc                     - Undefined Weak Reference
    _terminateio                              - Undefined Weak Reference
    __Vectors_Size                           0x00000188   Number         0  startup_stm32f40_41xxx.o ABSOLUTE
    __Vectors                                0x08000000   Data           4  startup_stm32f40_41xxx.o(RESET)
    __Vectors_End                            0x08000188   Data           0  startup_stm32f40_41xxx.o(RESET)
    __main                                   0x08000189   Thumb Code     8  __main.o(!!!main)
    __scatterload                            0x08000191   Thumb Code     0  __scatter.o(!!!scatter)
    __scatterload_rt2                        0x08000191   Thumb Code    44  __scatter.o(!!!scatter)
    __scatterload_rt2_thumb_only             0x08000191   Thumb Code     0  __scatter.o(!!!scatter)
    __scatterload_null                       0x0800019f   Thumb Code     0  __scatter.o(!!!scatter)
    __scatterload_copy                       0x080001c5   Thumb Code    26  __scatter_copy.o(!!handler_copy)
    __scatterload_zeroinit                   0x080001e1   Thumb Code    28  __scatter_zi.o(!!handler_zi)
    _printf_d                                0x080001fd   Thumb Code     0  _printf_d.o(.ARM.Collect$$_printf_percent$$00000009)
    _printf_percent                          0x080001fd   Thumb Code     0  _printf_percent.o(.ARM.Collect$$_printf_percent$$00000000)
    _printf_x                                0x08000203   Thumb Code     0  _printf_x.o(.ARM.Collect$$_printf_percent$$0000000C)
    _printf_percent_end                      0x08000209   Thumb Code     0  _printf_percent_end.o(.ARM.Collect$$_printf_percent$$00000017)
    __rt_lib_init                            0x0800020d   Thumb Code     0  libinit.o(.ARM.Collect$$libinit$$00000000)
    __rt_lib_init_fp_1                       0x0800020f   Thumb Code     0  libinit2.o(.ARM.Collect$$libinit$$00000001)
    __rt_lib_init_alloca_1                   0x08000213   Thumb Code     0  libinit2.o(.ARM.Collect$$libinit$$0000002C)
    __rt_lib_init_argv_1                     0x08000213   Thumb Code     0  libinit2.o(.ARM.Collect$$libinit$$0000002A)
    __rt_lib_init_atexit_1                   0x08000213   Thumb Code     0  libinit2.o(.ARM.Collect$$libinit$$00000019)
    __rt_lib_init_clock_1                    0x08000213   Thumb Code     0  libinit2.o(.ARM.Collect$$libinit$$0000001F)
    __rt_lib_init_cpp_1                      0x08000213   Thumb Code     0  libinit2.o(.ARM.Collect$$libinit$$00000030)
    __rt_lib_init_exceptions_1               0x08000213   Thumb Code     0  libinit2.o(.ARM.Collect$$libinit$$0000002E)
    __rt_lib_init_fp_trap_1                  0x08000213   Thumb Code     0  libinit2.o(.ARM.Collect$$libinit$$0000001D)
    __rt_lib_init_getenv_1                   0x08000213   Thumb Code     0  libinit2.o(.ARM.Collect$$libinit$$00000021)
    __rt_lib_init_heap_1                     0x08000213   Thumb Code     0  libinit2.o(.ARM.Collect$$libinit$$00000008)
    __rt_lib_init_lc_collate_1               0x08000213   Thumb Code     0  libinit2.o(.ARM.Collect$$libinit$$0000000F)
    __rt_lib_init_lc_ctype_1                 0x08000213   Thumb Code     0  libinit2.o(.ARM.Collect$$libinit$$00000011)
    __rt_lib_init_lc_monetary_1              0x08000213   Thumb Code     0  libinit2.o(.ARM.Collect$$libinit$$00000013)
    __rt_lib_init_lc_numeric_1               0x08000213   Thumb Code     0  libinit2.o(.ARM.Collect$$libinit$$00000015)
    __rt_lib_init_lc_time_1                  0x08000213   Thumb Code     0  libinit2.o(.ARM.Collect$$libinit$$00000017)
    __rt_lib_init_rand_1                     0x08000213   Thumb Code     0  libinit2.o(.ARM.Collect$$libinit$$0000000C)
    __rt_lib_init_return                     0x08000213   Thumb Code     0  libinit2.o(.ARM.Collect$$libinit$$00000031)
    __rt_lib_init_signal_1                   0x08000213   Thumb Code     0  libinit2.o(.ARM.Collect$$libinit$$0000001B)
    __rt_lib_init_stdio_1                    0x08000213   Thumb Code     0  libinit2.o(.ARM.Collect$$libinit$$00000023)
    __rt_lib_init_user_alloc_1               0x08000213   Thumb Code     0  libinit2.o(.ARM.Collect$$libinit$$0000000A)
    __rt_lib_shutdown                        0x08000215   Thumb Code     0  libshutdown.o(.ARM.Collect$$libshutdown$$00000000)
    __rt_lib_shutdown_fp_trap_1              0x08000217   Thumb Code     0  libshutdown2.o(.ARM.Collect$$libshutdown$$00000006)
    __rt_lib_shutdown_heap_1                 0x08000217   Thumb Code     0  libshutdown2.o(.ARM.Collect$$libshutdown$$0000000E)
    __rt_lib_shutdown_return                 0x08000217   Thumb Code     0  libshutdown2.o(.ARM.Collect$$libshutdown$$0000000F)
    __rt_lib_shutdown_signal_1               0x08000217   Thumb Code     0  libshutdown2.o(.ARM.Collect$$libshutdown$$00000009)
    __rt_lib_shutdown_stdio_1                0x08000217   Thumb Code     0  libshutdown2.o(.ARM.Collect$$libshutdown$$00000003)
    __rt_lib_shutdown_user_alloc_1           0x08000217   Thumb Code     0  libshutdown2.o(.ARM.Collect$$libshutdown$$0000000B)
    __rt_entry                               0x08000219   Thumb Code     0  rtentry.o(.ARM.Collect$$rtentry$$00000000)
    __rt_entry_presh_1                       0x08000219   Thumb Code     0  rtentry2.o(.ARM.Collect$$rtentry$$00000002)
    __rt_entry_sh                            0x08000219   Thumb Code     0  rtentry4.o(.ARM.Collect$$rtentry$$00000004)
    __rt_entry_li                            0x0800021f   Thumb Code     0  rtentry2.o(.ARM.Collect$$rtentry$$0000000A)
    __rt_entry_postsh_1                      0x0800021f   Thumb Code     0  rtentry2.o(.ARM.Collect$$rtentry$$00000009)
    __rt_entry_main                          0x08000223   Thumb Code     0  rtentry2.o(.ARM.Collect$$rtentry$$0000000D)
    __rt_entry_postli_1                      0x08000223   Thumb Code     0  rtentry2.o(.ARM.Collect$$rtentry$$0000000C)
    __rt_exit                                0x0800022b   Thumb Code     0  rtexit.o(.ARM.Collect$$rtexit$$00000000)
    __rt_exit_ls                             0x0800022d   Thumb Code     0  rtexit2.o(.ARM.Collect$$rtexit$$00000003)
    __rt_exit_prels_1                        0x0800022d   Thumb Code     0  rtexit2.o(.ARM.Collect$$rtexit$$00000002)
    __rt_exit_exit                           0x08000231   Thumb Code     0  rtexit2.o(.ARM.Collect$$rtexit$$00000004)
    main                                     0x08000239   Thumb Code   158  main.o(.text)
    NMI_Handler                              0x080002f1   Thumb Code     2  stm32f4xx_it.o(.text)
    HardFault_Handler                        0x080002f3   Thumb Code     4  stm32f4xx_it.o(.text)
    MemManage_Handler                        0x080002f7   Thumb Code     4  stm32f4xx_it.o(.text)
    BusFault_Handler                         0x080002fb   Thumb Code     4  stm32f4xx_it.o(.text)
    UsageFault_Handler                       0x080002ff   Thumb Code     4  stm32f4xx_it.o(.text)
    SVC_Handler                              0x08000303   Thumb Code     2  stm32f4xx_it.o(.text)
    DebugMon_Handler                         0x08000305   Thumb Code     2  stm32f4xx_it.o(.text)
    PendSV_Handler                           0x08000307   Thumb Code     2  stm32f4xx_it.o(.text)
    SysTick_Handler                          0x08000309   Thumb Code     2  stm32f4xx_it.o(.text)
    SystemInit                               0x080003e9   Thumb Code    88  system_stm32f4xx.o(.text)
    SystemCoreClockUpdate                    0x08000441   Thumb Code   174  system_stm32f4xx.o(.text)
    LED_Init                                 0x0800051d   Thumb Code   166  led.o(.text)
    TIM3_Int_Init                            0x080005d1   Thumb Code    88  timer.o(.text)
    TIM3_IRQHandler                          0x08000629   Thumb Code    78  timer.o(.text)
    IIC_Init                                 0x08000689   Thumb Code    62  myiic.o(.text)
    IIC_Start                                0x080006c7   Thumb Code    68  myiic.o(.text)
    IIC_Stop                                 0x0800070b   Thumb Code    62  myiic.o(.text)
    IIC_Wait_Ack                             0x08000749   Thumb Code    82  myiic.o(.text)
    IIC_Ack                                  0x0800079b   Thumb Code    66  myiic.o(.text)
    IIC_NAck                                 0x080007dd   Thumb Code    66  myiic.o(.text)
    IIC_Send_Byte                            0x0800081f   Thumb Code    90  myiic.o(.text)
    IIC_Read_Byte                            0x08000879   Thumb Code    94  myiic.o(.text)
    MPU_Write_Byte                           0x080008e5   Thumb Code    68  mpu6050.o(.text)
    MPU_Set_LPF                              0x08000929   Thumb Code    58  mpu6050.o(.text)
    MPU_Set_Rate                             0x08000963   Thumb Code    58  mpu6050.o(.text)
    MPU_Read_Byte                            0x0800099d   Thumb Code    58  mpu6050.o(.text)
    MPU_Set_Accel_Fsr                        0x080009d7   Thumb Code    16  mpu6050.o(.text)
    MPU_Set_Gyro_Fsr                         0x080009e7   Thumb Code    16  mpu6050.o(.text)
    MPU_Init                                 0x080009f7   Thumb Code   122  mpu6050.o(.text)
    MPU_Read_Len                             0x08000a71   Thumb Code   116  mpu6050.o(.text)
    MPU_Get_Temperature                      0x08000ae5   Thumb Code   110  mpu6050.o(.text)
    MPU_Get_Gyroscope                        0x08000b53   Thumb Code    80  mpu6050.o(.text)
    MPU_Get_Accelerometer                    0x08000ba3   Thumb Code    80  mpu6050.o(.text)
    MPU_Write_Len                            0x08000bf3   Thumb Code    96  mpu6050.o(.text)
    mpu_reg_dump                             0x08000cf3   Thumb Code    84  inv_mpu.o(.text)
    mpu_read_reg                             0x08000d47   Thumb Code    66  inv_mpu.o(.text)
    mpu_set_int_latched                      0x08000d89   Thumb Code   102  inv_mpu.o(.text)
    mpu_set_sensors                          0x08000def   Thumb Code   202  inv_mpu.o(.text)
    mpu_set_bypass                           0x08000eb9   Thumb Code   328  inv_mpu.o(.text)
    mpu_reset_fifo                           0x08001001   Thumb Code   472  inv_mpu.o(.text)
    mpu_configure_fifo                       0x080011d9   Thumb Code   106  inv_mpu.o(.text)
    mpu_set_lpf                              0x08001243   Thumb Code   126  inv_mpu.o(.text)
    mpu_lp_accel_mode                        0x080012c1   Thumb Code   218  inv_mpu.o(.text)
    mpu_set_sample_rate                      0x0800139b   Thumb Code   152  inv_mpu.o(.text)
    mpu_set_accel_fsr                        0x08001433   Thumb Code   132  inv_mpu.o(.text)
    mpu_set_gyro_fsr                         0x080014b7   Thumb Code   132  inv_mpu.o(.text)
    mpu_init                                 0x0800153b   Thumb Code   416  inv_mpu.o(.text)
    mget_ms                                  0x080016db   Thumb Code     2  inv_mpu.o(.text)
    mpu_get_gyro_reg                         0x080016dd   Thumb Code   110  inv_mpu.o(.text)
    mpu_get_accel_reg                        0x0800174b   Thumb Code   110  inv_mpu.o(.text)
    mpu_get_temperature                      0x080017b9   Thumb Code   142  inv_mpu.o(.text)
    mpu_set_accel_bias                       0x08001847   Thumb Code   472  inv_mpu.o(.text)
    mpu_get_gyro_fsr                         0x08001a1f   Thumb Code    64  inv_mpu.o(.text)
    mpu_get_accel_fsr                        0x08001a5f   Thumb Code    72  inv_mpu.o(.text)
    mpu_get_lpf                              0x08001aa7   Thumb Code    74  inv_mpu.o(.text)
    mpu_get_sample_rate                      0x08001af1   Thumb Code    26  inv_mpu.o(.text)
    mpu_get_compass_sample_rate              0x08001b0b   Thumb Code    10  inv_mpu.o(.text)
    mpu_set_compass_sample_rate              0x08001b15   Thumb Code     8  inv_mpu.o(.text)
    mpu_get_gyro_sens                        0x08001b1d   Thumb Code    74  inv_mpu.o(.text)
    mpu_get_accel_sens                       0x08001b67   Thumb Code    78  inv_mpu.o(.text)
    mpu_get_fifo_config                      0x08001bb5   Thumb Code    12  inv_mpu.o(.text)
    mpu_get_power_state                      0x08001bc1   Thumb Code    22  inv_mpu.o(.text)
    mpu_get_int_status                       0x08001bd7   Thumb Code    64  inv_mpu.o(.text)
    mpu_read_fifo                            0x08001c17   Thumb Code   520  inv_mpu.o(.text)
    mpu_read_fifo_stream                     0x08001e1f   Thumb Code   186  inv_mpu.o(.text)
    mpu_set_int_level                        0x08001ed9   Thumb Code    12  inv_mpu.o(.text)
    mpu_set_dmp_state                        0x080025e9   Thumb Code   138  inv_mpu.o(.text)
    mpu_run_self_test                        0x08002673   Thumb Code   278  inv_mpu.o(.text)
    mpu_write_mem                            0x08002789   Thumb Code   122  inv_mpu.o(.text)
    mpu_read_mem                             0x08002803   Thumb Code   122  inv_mpu.o(.text)
    mpu_load_firmware                        0x0800287d   Thumb Code   190  inv_mpu.o(.text)
    mpu_get_dmp_state                        0x0800293b   Thumb Code    14  inv_mpu.o(.text)
    setup_compass                            0x08002949   Thumb Code     6  inv_mpu.o(.text)
    mpu_get_compass_reg                      0x0800294f   Thumb Code     8  inv_mpu.o(.text)
    mpu_get_compass_fsr                      0x08002957   Thumb Code     8  inv_mpu.o(.text)
    mpu_lp_motion_interrupt                  0x0800295f   Thumb Code   512  inv_mpu.o(.text)
    run_self_test                            0x08002b5f   Thumb Code   154  inv_mpu.o(.text)
    inv_row_2_scale                          0x08002bf9   Thumb Code    78  inv_mpu.o(.text)
    inv_orientation_matrix_to_scalar         0x08002c47   Thumb Code    40  inv_mpu.o(.text)
    mpu_dmp_init                             0x08002c6f   Thumb Code   160  inv_mpu.o(.text)
    mpu_dmp_get_data                         0x08002d0f   Thumb Code   520  inv_mpu.o(.text)
    dmp_load_motion_driver_firmware          0x08002f29   Thumb Code    20  inv_mpu_dmp_motion_driver.o(.text)
    dmp_set_orientation                      0x08002f3d   Thumb Code   290  inv_mpu_dmp_motion_driver.o(.text)
    dmp_set_gyro_bias                        0x0800305f   Thumb Code   294  inv_mpu_dmp_motion_driver.o(.text)
    dmp_set_accel_bias                       0x08003185   Thumb Code   300  inv_mpu_dmp_motion_driver.o(.text)
    dmp_set_fifo_rate                        0x080032b1   Thumb Code   136  inv_mpu_dmp_motion_driver.o(.text)
    dmp_get_fifo_rate                        0x08003339   Thumb Code    12  inv_mpu_dmp_motion_driver.o(.text)
    dmp_set_tap_thresh                       0x08003345   Thumb Code   412  inv_mpu_dmp_motion_driver.o(.text)
    dmp_set_tap_axes                         0x080034e1   Thumb Code    70  inv_mpu_dmp_motion_driver.o(.text)
    dmp_set_tap_count                        0x08003527   Thumb Code    38  inv_mpu_dmp_motion_driver.o(.text)
    dmp_set_tap_time                         0x0800354d   Thumb Code    38  inv_mpu_dmp_motion_driver.o(.text)
    dmp_set_tap_time_multi                   0x08003573   Thumb Code    38  inv_mpu_dmp_motion_driver.o(.text)
    dmp_set_shake_reject_thresh              0x08003599   Thumb Code    56  inv_mpu_dmp_motion_driver.o(.text)
    dmp_set_shake_reject_time                0x080035d1   Thumb Code    38  inv_mpu_dmp_motion_driver.o(.text)
    dmp_set_shake_reject_timeout             0x080035f7   Thumb Code    38  inv_mpu_dmp_motion_driver.o(.text)
    dmp_get_pedometer_step_count             0x0800361d   Thumb Code    66  inv_mpu_dmp_motion_driver.o(.text)
    dmp_set_pedometer_step_count             0x0800365f   Thumb Code    42  inv_mpu_dmp_motion_driver.o(.text)
    dmp_get_pedometer_walk_time              0x08003689   Thumb Code    72  inv_mpu_dmp_motion_driver.o(.text)
    dmp_set_pedometer_walk_time              0x080036d1   Thumb Code    48  inv_mpu_dmp_motion_driver.o(.text)
    dmp_enable_6x_lp_quat                    0x08003701   Thumb Code   100  inv_mpu_dmp_motion_driver.o(.text)
    dmp_enable_lp_quat                       0x08003765   Thumb Code    60  inv_mpu_dmp_motion_driver.o(.text)
    dmp_enable_gyro_cal                      0x080037a1   Thumb Code    62  inv_mpu_dmp_motion_driver.o(.text)
    dmp_enable_feature                       0x080037df   Thumb Code   530  inv_mpu_dmp_motion_driver.o(.text)
    dmp_get_enabled_features                 0x080039f1   Thumb Code    12  inv_mpu_dmp_motion_driver.o(.text)
    dmp_set_interrupt_mode                   0x08003a5b   Thumb Code    66  inv_mpu_dmp_motion_driver.o(.text)
    dmp_read_fifo                            0x08003a9d   Thumb Code   514  inv_mpu_dmp_motion_driver.o(.text)
    dmp_register_tap_cb                      0x08003c9f   Thumb Code    10  inv_mpu_dmp_motion_driver.o(.text)
    dmp_register_android_orient_cb           0x08003ca9   Thumb Code    10  inv_mpu_dmp_motion_driver.o(.text)
    pid_set1                                 0x08003cb9   Thumb Code    96  pid.o(.text)
    pid_cal1                                 0x08003d19   Thumb Code   320  pid.o(.text)
    pid_set2                                 0x08003e59   Thumb Code    88  pid.o(.text)
    pid_cal2                                 0x08003eb1   Thumb Code   228  pid.o(.text)
    TIM11_PWM_Init                           0x08003f9d   Thumb Code   150  pwm.o(.text)
    TIM10_PWM_Init                           0x08004033   Thumb Code   150  pwm.o(.text)
    TIM9_PWM_Inita                           0x080040c9   Thumb Code   152  pwm.o(.text)
    TIM9_PWM_Initb                           0x08004161   Thumb Code   152  pwm.o(.text)
    pwm_out                                  0x080041f9   Thumb Code    44  pwm.o(.text)
    ctrl1                                    0x08004239   Thumb Code  1252  ctrl.o(.text)
    set_point                                0x0800471d   Thumb Code    70  ctrl.o(.text)
    EXTI2_IRQHandler                         0x08004775   Thumb Code   174  exti.o(.text)
    EXTI3_IRQHandler                         0x08004823   Thumb Code    46  exti.o(.text)
    EXTIX_Init                               0x08004851   Thumb Code   222  exti.o(.text)
    limit                                    0x08004945   Thumb Code   100  mymath.o(.text)
    delay_init                               0x080049a9   Thumb Code    52  delay.o(.text)
    delay_us                                 0x080049dd   Thumb Code    72  delay.o(.text)
    delay_xms                                0x08004a25   Thumb Code    72  delay.o(.text)
    delay_ms                                 0x08004a6d   Thumb Code    56  delay.o(.text)
    _sys_exit                                0x08004aad   Thumb Code     6  usart.o(.text)
    fputc                                    0x08004ab3   Thumb Code    22  usart.o(.text)
    uart_init                                0x08004ac9   Thumb Code   172  usart.o(.text)
    USART1_IRQHandler                        0x08004b75   Thumb Code   122  usart.o(.text)
    Reset_Handler                            0x08004c01   Thumb Code     8  startup_stm32f40_41xxx.o(.text)
    ADC_IRQHandler                           0x08004c1b   Thumb Code     0  startup_stm32f40_41xxx.o(.text)
    CAN1_RX0_IRQHandler                      0x08004c1b   Thumb Code     0  startup_stm32f40_41xxx.o(.text)
    CAN1_RX1_IRQHandler                      0x08004c1b   Thumb Code     0  startup_stm32f40_41xxx.o(.text)
    CAN1_SCE_IRQHandler                      0x08004c1b   Thumb Code     0  startup_stm32f40_41xxx.o(.text)
    CAN1_TX_IRQHandler                       0x08004c1b   Thumb Code     0  startup_stm32f40_41xxx.o(.text)
    CAN2_RX0_IRQHandler                      0x08004c1b   Thumb Code     0  startup_stm32f40_41xxx.o(.text)
    CAN2_RX1_IRQHandler                      0x08004c1b   Thumb Code     0  startup_stm32f40_41xxx.o(.text)
    CAN2_SCE_IRQHandler                      0x08004c1b   Thumb Code     0  startup_stm32f40_41xxx.o(.text)
    CAN2_TX_IRQHandler                       0x08004c1b   Thumb Code     0  startup_stm32f40_41xxx.o(.text)
    CRYP_IRQHandler                          0x08004c1b   Thumb Code     0  startup_stm32f40_41xxx.o(.text)
    DCMI_IRQHandler                          0x08004c1b   Thumb Code     0  startup_stm32f40_41xxx.o(.text)
    DMA1_Stream0_IRQHandler                  0x08004c1b   Thumb Code     0  startup_stm32f40_41xxx.o(.text)
    DMA1_Stream1_IRQHandler                  0x08004c1b   Thumb Code     0  startup_stm32f40_41xxx.o(.text)
    DMA1_Stream2_IRQHandler                  0x08004c1b   Thumb Code     0  startup_stm32f40_41xxx.o(.text)
    DMA1_Stream3_IRQHandler                  0x08004c1b   Thumb Code     0  startup_stm32f40_41xxx.o(.text)
    DMA1_Stream4_IRQHandler                  0x08004c1b   Thumb Code     0  startup_stm32f40_41xxx.o(.text)
    DMA1_Stream5_IRQHandler                  0x08004c1b   Thumb Code     0  startup_stm32f40_41xxx.o(.text)
    DMA1_Stream6_IRQHandler                  0x08004c1b   Thumb Code     0  startup_stm32f40_41xxx.o(.text)
    DMA1_Stream7_IRQHandler                  0x08004c1b   Thumb Code     0  startup_stm32f40_41xxx.o(.text)
    DMA2_Stream0_IRQHandler                  0x08004c1b   Thumb Code     0  startup_stm32f40_41xxx.o(.text)
    DMA2_Stream1_IRQHandler                  0x08004c1b   Thumb Code     0  startup_stm32f40_41xxx.o(.text)
    DMA2_Stream2_IRQHandler                  0x08004c1b   Thumb Code     0  startup_stm32f40_41xxx.o(.text)
    DMA2_Stream3_IRQHandler                  0x08004c1b   Thumb Code     0  startup_stm32f40_41xxx.o(.text)
    DMA2_Stream4_IRQHandler                  0x08004c1b   Thumb Code     0  startup_stm32f40_41xxx.o(.text)
    DMA2_Stream5_IRQHandler                  0x08004c1b   Thumb Code     0  startup_stm32f40_41xxx.o(.text)
    DMA2_Stream6_IRQHandler                  0x08004c1b   Thumb Code     0  startup_stm32f40_41xxx.o(.text)
    DMA2_Stream7_IRQHandler                  0x08004c1b   Thumb Code     0  startup_stm32f40_41xxx.o(.text)
    ETH_IRQHandler                           0x08004c1b   Thumb Code     0  startup_stm32f40_41xxx.o(.text)
    ETH_WKUP_IRQHandler                      0x08004c1b   Thumb Code     0  startup_stm32f40_41xxx.o(.text)
    EXTI0_IRQHandler                         0x08004c1b   Thumb Code     0  startup_stm32f40_41xxx.o(.text)
    EXTI15_10_IRQHandler                     0x08004c1b   Thumb Code     0  startup_stm32f40_41xxx.o(.text)
    EXTI1_IRQHandler                         0x08004c1b   Thumb Code     0  startup_stm32f40_41xxx.o(.text)
    EXTI4_IRQHandler                         0x08004c1b   Thumb Code     0  startup_stm32f40_41xxx.o(.text)
    EXTI9_5_IRQHandler                       0x08004c1b   Thumb Code     0  startup_stm32f40_41xxx.o(.text)
    FLASH_IRQHandler                         0x08004c1b   Thumb Code     0  startup_stm32f40_41xxx.o(.text)
    FPU_IRQHandler                           0x08004c1b   Thumb Code     0  startup_stm32f40_41xxx.o(.text)
    FSMC_IRQHandler                          0x08004c1b   Thumb Code     0  startup_stm32f40_41xxx.o(.text)
    HASH_RNG_IRQHandler                      0x08004c1b   Thumb Code     0  startup_stm32f40_41xxx.o(.text)
    I2C1_ER_IRQHandler                       0x08004c1b   Thumb Code     0  startup_stm32f40_41xxx.o(.text)
    I2C1_EV_IRQHandler                       0x08004c1b   Thumb Code     0  startup_stm32f40_41xxx.o(.text)
    I2C2_ER_IRQHandler                       0x08004c1b   Thumb Code     0  startup_stm32f40_41xxx.o(.text)
    I2C2_EV_IRQHandler                       0x08004c1b   Thumb Code     0  startup_stm32f40_41xxx.o(.text)
    I2C3_ER_IRQHandler                       0x08004c1b   Thumb Code     0  startup_stm32f40_41xxx.o(.text)
    I2C3_EV_IRQHandler                       0x08004c1b   Thumb Code     0  startup_stm32f40_41xxx.o(.text)
    OTG_FS_IRQHandler                        0x08004c1b   Thumb Code     0  startup_stm32f40_41xxx.o(.text)
    OTG_FS_WKUP_IRQHandler                   0x08004c1b   Thumb Code     0  startup_stm32f40_41xxx.o(.text)
    OTG_HS_EP1_IN_IRQHandler                 0x08004c1b   Thumb Code     0  startup_stm32f40_41xxx.o(.text)
    OTG_HS_EP1_OUT_IRQHandler                0x08004c1b   Thumb Code     0  startup_stm32f40_41xxx.o(.text)
    OTG_HS_IRQHandler                        0x08004c1b   Thumb Code     0  startup_stm32f40_41xxx.o(.text)
    OTG_HS_WKUP_IRQHandler                   0x08004c1b   Thumb Code     0  startup_stm32f40_41xxx.o(.text)
    PVD_IRQHandler                           0x08004c1b   Thumb Code     0  startup_stm32f40_41xxx.o(.text)
    RCC_IRQHandler                           0x08004c1b   Thumb Code     0  startup_stm32f40_41xxx.o(.text)
    RTC_Alarm_IRQHandler                     0x08004c1b   Thumb Code     0  startup_stm32f40_41xxx.o(.text)
    RTC_WKUP_IRQHandler                      0x08004c1b   Thumb Code     0  startup_stm32f40_41xxx.o(.text)
    SDIO_IRQHandler                          0x08004c1b   Thumb Code     0  startup_stm32f40_41xxx.o(.text)
    SPI1_IRQHandler                          0x08004c1b   Thumb Code     0  startup_stm32f40_41xxx.o(.text)
    SPI2_IRQHandler                          0x08004c1b   Thumb Code     0  startup_stm32f40_41xxx.o(.text)
    SPI3_IRQHandler                          0x08004c1b   Thumb Code     0  startup_stm32f40_41xxx.o(.text)
    TAMP_STAMP_IRQHandler                    0x08004c1b   Thumb Code     0  startup_stm32f40_41xxx.o(.text)
    TIM1_BRK_TIM9_IRQHandler                 0x08004c1b   Thumb Code     0  startup_stm32f40_41xxx.o(.text)
    TIM1_CC_IRQHandler                       0x08004c1b   Thumb Code     0  startup_stm32f40_41xxx.o(.text)
    TIM1_TRG_COM_TIM11_IRQHandler            0x08004c1b   Thumb Code     0  startup_stm32f40_41xxx.o(.text)
    TIM1_UP_TIM10_IRQHandler                 0x08004c1b   Thumb Code     0  startup_stm32f40_41xxx.o(.text)
    TIM2_IRQHandler                          0x08004c1b   Thumb Code     0  startup_stm32f40_41xxx.o(.text)
    TIM4_IRQHandler                          0x08004c1b   Thumb Code     0  startup_stm32f40_41xxx.o(.text)
    TIM5_IRQHandler                          0x08004c1b   Thumb Code     0  startup_stm32f40_41xxx.o(.text)
    TIM6_DAC_IRQHandler                      0x08004c1b   Thumb Code     0  startup_stm32f40_41xxx.o(.text)
    TIM7_IRQHandler                          0x08004c1b   Thumb Code     0  startup_stm32f40_41xxx.o(.text)
    TIM8_BRK_TIM12_IRQHandler                0x08004c1b   Thumb Code     0  startup_stm32f40_41xxx.o(.text)
    TIM8_CC_IRQHandler                       0x08004c1b   Thumb Code     0  startup_stm32f40_41xxx.o(.text)
    TIM8_TRG_COM_TIM14_IRQHandler            0x08004c1b   Thumb Code     0  startup_stm32f40_41xxx.o(.text)
    TIM8_UP_TIM13_IRQHandler                 0x08004c1b   Thumb Code     0  startup_stm32f40_41xxx.o(.text)
    UART4_IRQHandler                         0x08004c1b   Thumb Code     0  startup_stm32f40_41xxx.o(.text)
    UART5_IRQHandler                         0x08004c1b   Thumb Code     0  startup_stm32f40_41xxx.o(.text)
    USART2_IRQHandler                        0x08004c1b   Thumb Code     0  startup_stm32f40_41xxx.o(.text)
    USART3_IRQHandler                        0x08004c1b   Thumb Code     0  startup_stm32f40_41xxx.o(.text)
    USART6_IRQHandler                        0x08004c1b   Thumb Code     0  startup_stm32f40_41xxx.o(.text)
    WWDG_IRQHandler                          0x08004c1b   Thumb Code     0  startup_stm32f40_41xxx.o(.text)
    __user_initial_stackheap                 0x08004c1d   Thumb Code     0  startup_stm32f40_41xxx.o(.text)
    NVIC_PriorityGroupConfig                 0x08004c41   Thumb Code    10  misc.o(.text)
    NVIC_Init                                0x08004c4b   Thumb Code   106  misc.o(.text)
    NVIC_SetVectorTable                      0x08004cb5   Thumb Code    14  misc.o(.text)
    NVIC_SystemLPConfig                      0x08004cc3   Thumb Code    34  misc.o(.text)
    SysTick_CLKSourceConfig                  0x08004ce5   Thumb Code    40  misc.o(.text)
    GPIO_DeInit                              0x08004d21   Thumb Code   268  stm32f4xx_gpio.o(.text)
    GPIO_Init                                0x08004e2d   Thumb Code   144  stm32f4xx_gpio.o(.text)
    GPIO_StructInit                          0x08004ebd   Thumb Code    18  stm32f4xx_gpio.o(.text)
    GPIO_PinLockConfig                       0x08004ecf   Thumb Code    34  stm32f4xx_gpio.o(.text)
    GPIO_ReadInputDataBit                    0x08004ef1   Thumb Code    18  stm32f4xx_gpio.o(.text)
    GPIO_ReadInputData                       0x08004f03   Thumb Code     8  stm32f4xx_gpio.o(.text)
    GPIO_ReadOutputDataBit                   0x08004f0b   Thumb Code    18  stm32f4xx_gpio.o(.text)
    GPIO_ReadOutputData                      0x08004f1d   Thumb Code     8  stm32f4xx_gpio.o(.text)
    GPIO_SetBits                             0x08004f25   Thumb Code     4  stm32f4xx_gpio.o(.text)
    GPIO_ResetBits                           0x08004f29   Thumb Code     4  stm32f4xx_gpio.o(.text)
    GPIO_WriteBit                            0x08004f2d   Thumb Code    10  stm32f4xx_gpio.o(.text)
    GPIO_Write                               0x08004f37   Thumb Code     4  stm32f4xx_gpio.o(.text)
    GPIO_ToggleBits                          0x08004f3b   Thumb Code     8  stm32f4xx_gpio.o(.text)
    GPIO_PinAFConfig                         0x08004f43   Thumb Code    70  stm32f4xx_gpio.o(.text)
    RCC_DeInit                               0x08004fb5   Thumb Code    82  stm32f4xx_rcc.o(.text)
    RCC_HSEConfig                            0x08005007   Thumb Code    14  stm32f4xx_rcc.o(.text)
    RCC_GetFlagStatus                        0x08005015   Thumb Code    60  stm32f4xx_rcc.o(.text)
    RCC_WaitForHSEStartUp                    0x08005051   Thumb Code    56  stm32f4xx_rcc.o(.text)
    RCC_AdjustHSICalibrationValue            0x08005089   Thumb Code    20  stm32f4xx_rcc.o(.text)
    RCC_HSICmd                               0x0800509d   Thumb Code     6  stm32f4xx_rcc.o(.text)
    RCC_LSEConfig                            0x080050a3   Thumb Code    46  stm32f4xx_rcc.o(.text)
    RCC_LSICmd                               0x080050d1   Thumb Code     6  stm32f4xx_rcc.o(.text)
    RCC_PLLConfig                            0x080050d7   Thumb Code    32  stm32f4xx_rcc.o(.text)
    RCC_PLLCmd                               0x080050f7   Thumb Code     6  stm32f4xx_rcc.o(.text)
    RCC_PLLI2SConfig                         0x080050fd   Thumb Code    14  stm32f4xx_rcc.o(.text)
    RCC_PLLI2SCmd                            0x0800510b   Thumb Code     6  stm32f4xx_rcc.o(.text)
    RCC_PLLSAIConfig                         0x08005111   Thumb Code    20  stm32f4xx_rcc.o(.text)
    RCC_PLLSAICmd                            0x08005125   Thumb Code     6  stm32f4xx_rcc.o(.text)
    RCC_ClockSecuritySystemCmd               0x0800512b   Thumb Code     6  stm32f4xx_rcc.o(.text)
    RCC_MCO1Config                           0x08005131   Thumb Code    28  stm32f4xx_rcc.o(.text)
    RCC_MCO2Config                           0x0800514d   Thumb Code    28  stm32f4xx_rcc.o(.text)
    RCC_SYSCLKConfig                         0x08005169   Thumb Code    20  stm32f4xx_rcc.o(.text)
    RCC_GetSYSCLKSource                      0x0800517d   Thumb Code    12  stm32f4xx_rcc.o(.text)
    RCC_HCLKConfig                           0x08005189   Thumb Code    20  stm32f4xx_rcc.o(.text)
    RCC_PCLK1Config                          0x0800519d   Thumb Code    20  stm32f4xx_rcc.o(.text)
    RCC_PCLK2Config                          0x080051b1   Thumb Code    22  stm32f4xx_rcc.o(.text)
    RCC_GetClocksFreq                        0x080051c7   Thumb Code   222  stm32f4xx_rcc.o(.text)
    RCC_RTCCLKConfig                         0x080052a5   Thumb Code    54  stm32f4xx_rcc.o(.text)
    RCC_RTCCLKCmd                            0x080052db   Thumb Code     8  stm32f4xx_rcc.o(.text)
    RCC_BackupResetCmd                       0x080052e3   Thumb Code     8  stm32f4xx_rcc.o(.text)
    RCC_I2SCLKConfig                         0x080052eb   Thumb Code     6  stm32f4xx_rcc.o(.text)
    RCC_SAIPLLI2SClkDivConfig                0x080052f1   Thumb Code    26  stm32f4xx_rcc.o(.text)
    RCC_SAIPLLSAIClkDivConfig                0x0800530b   Thumb Code    28  stm32f4xx_rcc.o(.text)
    RCC_SAIBlockACLKConfig                   0x08005327   Thumb Code    20  stm32f4xx_rcc.o(.text)
    RCC_SAIBlockBCLKConfig                   0x0800533b   Thumb Code    20  stm32f4xx_rcc.o(.text)
    RCC_LTDCCLKDivConfig                     0x0800534f   Thumb Code    20  stm32f4xx_rcc.o(.text)
    RCC_TIMCLKPresConfig                     0x08005363   Thumb Code     6  stm32f4xx_rcc.o(.text)
    RCC_AHB1PeriphClockCmd                   0x08005369   Thumb Code    34  stm32f4xx_rcc.o(.text)
    RCC_AHB2PeriphClockCmd                   0x0800538b   Thumb Code    78  stm32f4xx_rcc.o(.text)
    RCC_AHB3PeriphClockCmd                   0x080053d9   Thumb Code    34  stm32f4xx_rcc.o(.text)
    RCC_APB1PeriphClockCmd                   0x080053fb   Thumb Code    34  stm32f4xx_rcc.o(.text)
    RCC_APB2PeriphClockCmd                   0x0800541d   Thumb Code    34  stm32f4xx_rcc.o(.text)
    RCC_AHB1PeriphResetCmd                   0x0800543f   Thumb Code    34  stm32f4xx_rcc.o(.text)
    RCC_AHB2PeriphResetCmd                   0x08005461   Thumb Code    34  stm32f4xx_rcc.o(.text)
    RCC_AHB3PeriphResetCmd                   0x08005483   Thumb Code    34  stm32f4xx_rcc.o(.text)
    RCC_APB1PeriphResetCmd                   0x080054a5   Thumb Code    34  stm32f4xx_rcc.o(.text)
    RCC_APB2PeriphResetCmd                   0x080054c7   Thumb Code    34  stm32f4xx_rcc.o(.text)
    RCC_AHB1PeriphClockLPModeCmd             0x080054e9   Thumb Code    34  stm32f4xx_rcc.o(.text)
    RCC_AHB2PeriphClockLPModeCmd             0x0800550b   Thumb Code    34  stm32f4xx_rcc.o(.text)
    RCC_AHB3PeriphClockLPModeCmd             0x0800552d   Thumb Code    34  stm32f4xx_rcc.o(.text)
    RCC_APB1PeriphClockLPModeCmd             0x0800554f   Thumb Code    34  stm32f4xx_rcc.o(.text)
    RCC_APB2PeriphClockLPModeCmd             0x08005571   Thumb Code    34  stm32f4xx_rcc.o(.text)
    RCC_LSEModeConfig                        0x08005593   Thumb Code    40  stm32f4xx_rcc.o(.text)
    RCC_ITConfig                             0x080055bb   Thumb Code    34  stm32f4xx_rcc.o(.text)
    RCC_ClearFlag                            0x080055dd   Thumb Code    18  stm32f4xx_rcc.o(.text)
    RCC_GetITStatus                          0x080055ef   Thumb Code    22  stm32f4xx_rcc.o(.text)
    RCC_ClearITPendingBit                    0x08005605   Thumb Code     8  stm32f4xx_rcc.o(.text)
    SYSCFG_DeInit                            0x08005611   Thumb Code    22  stm32f4xx_syscfg.o(.text)
    SYSCFG_MemoryRemapConfig                 0x08005627   Thumb Code     6  stm32f4xx_syscfg.o(.text)
    SYSCFG_MemorySwappingBank                0x0800562d   Thumb Code     6  stm32f4xx_syscfg.o(.text)
    SYSCFG_EXTILineConfig                    0x08005633   Thumb Code    66  stm32f4xx_syscfg.o(.text)
    SYSCFG_ETH_MediaInterfaceConfig          0x08005675   Thumb Code     8  stm32f4xx_syscfg.o(.text)
    SYSCFG_CompensationCellCmd               0x0800567d   Thumb Code     6  stm32f4xx_syscfg.o(.text)
    SYSCFG_GetCompensationCellStatus         0x08005683   Thumb Code    22  stm32f4xx_syscfg.o(.text)
    TIM_DeInit                               0x080056a5   Thumb Code   346  stm32f4xx_tim.o(.text)
    TIM_TimeBaseInit                         0x080057ff   Thumb Code   104  stm32f4xx_tim.o(.text)
    TIM_TimeBaseStructInit                   0x08005867   Thumb Code    18  stm32f4xx_tim.o(.text)
    TIM_PrescalerConfig                      0x08005879   Thumb Code     6  stm32f4xx_tim.o(.text)
    TIM_CounterModeConfig                    0x0800587f   Thumb Code    18  stm32f4xx_tim.o(.text)
    TIM_SetCounter                           0x08005891   Thumb Code     4  stm32f4xx_tim.o(.text)
    TIM_SetAutoreload                        0x08005895   Thumb Code     4  stm32f4xx_tim.o(.text)
    TIM_GetCounter                           0x08005899   Thumb Code     6  stm32f4xx_tim.o(.text)
    TIM_GetPrescaler                         0x0800589f   Thumb Code     6  stm32f4xx_tim.o(.text)
    TIM_UpdateDisableConfig                  0x080058a5   Thumb Code    24  stm32f4xx_tim.o(.text)
    TIM_UpdateRequestConfig                  0x080058bd   Thumb Code    24  stm32f4xx_tim.o(.text)
    TIM_ARRPreloadConfig                     0x080058d5   Thumb Code    24  stm32f4xx_tim.o(.text)
    TIM_SelectOnePulseMode                   0x080058ed   Thumb Code    18  stm32f4xx_tim.o(.text)
    TIM_SetClockDivision                     0x080058ff   Thumb Code    18  stm32f4xx_tim.o(.text)
    TIM_Cmd                                  0x08005911   Thumb Code    24  stm32f4xx_tim.o(.text)
    TIM_OC1Init                              0x08005929   Thumb Code   114  stm32f4xx_tim.o(.text)
    TIM_OC2Init                              0x0800599b   Thumb Code   154  stm32f4xx_tim.o(.text)
    TIM_OC3Init                              0x08005a35   Thumb Code   204  stm32f4xx_tim.o(.text)
    TIM_OC4Init                              0x08005b01   Thumb Code   112  stm32f4xx_tim.o(.text)
    TIM_OCStructInit                         0x08005b71   Thumb Code    20  stm32f4xx_tim.o(.text)
    TIM_SelectOCxM                           0x08005b85   Thumb Code    86  stm32f4xx_tim.o(.text)
    TIM_SetCompare1                          0x08005bdb   Thumb Code     4  stm32f4xx_tim.o(.text)
    TIM_SetCompare2                          0x08005bdf   Thumb Code     4  stm32f4xx_tim.o(.text)
    TIM_SetCompare3                          0x08005be3   Thumb Code     4  stm32f4xx_tim.o(.text)
    TIM_SetCompare4                          0x08005be7   Thumb Code     4  stm32f4xx_tim.o(.text)
    TIM_ForcedOC1Config                      0x08005beb   Thumb Code    18  stm32f4xx_tim.o(.text)
    TIM_ForcedOC2Config                      0x08005bfd   Thumb Code    26  stm32f4xx_tim.o(.text)
    TIM_ForcedOC3Config                      0x08005c17   Thumb Code    18  stm32f4xx_tim.o(.text)
    TIM_ForcedOC4Config                      0x08005c29   Thumb Code    26  stm32f4xx_tim.o(.text)
    TIM_OC1PreloadConfig                     0x08005c43   Thumb Code    18  stm32f4xx_tim.o(.text)
    TIM_OC2PreloadConfig                     0x08005c55   Thumb Code    26  stm32f4xx_tim.o(.text)
    TIM_OC3PreloadConfig                     0x08005c6f   Thumb Code    18  stm32f4xx_tim.o(.text)
    TIM_OC4PreloadConfig                     0x08005c81   Thumb Code    26  stm32f4xx_tim.o(.text)
    TIM_OC1FastConfig                        0x08005c9b   Thumb Code    18  stm32f4xx_tim.o(.text)
    TIM_OC2FastConfig                        0x08005cad   Thumb Code    26  stm32f4xx_tim.o(.text)
    TIM_OC3FastConfig                        0x08005cc7   Thumb Code    18  stm32f4xx_tim.o(.text)
    TIM_OC4FastConfig                        0x08005cd9   Thumb Code    26  stm32f4xx_tim.o(.text)
    TIM_ClearOC1Ref                          0x08005cf3   Thumb Code    18  stm32f4xx_tim.o(.text)
    TIM_ClearOC2Ref                          0x08005d05   Thumb Code    24  stm32f4xx_tim.o(.text)
    TIM_ClearOC3Ref                          0x08005d1d   Thumb Code    18  stm32f4xx_tim.o(.text)
    TIM_ClearOC4Ref                          0x08005d2f   Thumb Code    24  stm32f4xx_tim.o(.text)
    TIM_OC1PolarityConfig                    0x08005d47   Thumb Code    18  stm32f4xx_tim.o(.text)
    TIM_OC1NPolarityConfig                   0x08005d59   Thumb Code    18  stm32f4xx_tim.o(.text)
    TIM_OC2PolarityConfig                    0x08005d6b   Thumb Code    26  stm32f4xx_tim.o(.text)
    TIM_OC2NPolarityConfig                   0x08005d85   Thumb Code    26  stm32f4xx_tim.o(.text)
    TIM_OC3PolarityConfig                    0x08005d9f   Thumb Code    26  stm32f4xx_tim.o(.text)
    TIM_OC3NPolarityConfig                   0x08005db9   Thumb Code    26  stm32f4xx_tim.o(.text)
    TIM_OC4PolarityConfig                    0x08005dd3   Thumb Code    26  stm32f4xx_tim.o(.text)
    TIM_CCxCmd                               0x08005ded   Thumb Code    30  stm32f4xx_tim.o(.text)
    TIM_CCxNCmd                              0x08005e0b   Thumb Code    30  stm32f4xx_tim.o(.text)
    TIM_SetIC4Prescaler                      0x08005e29   Thumb Code    26  stm32f4xx_tim.o(.text)
    TIM_SetIC3Prescaler                      0x08005e93   Thumb Code    18  stm32f4xx_tim.o(.text)
    TIM_SetIC2Prescaler                      0x08005eed   Thumb Code    26  stm32f4xx_tim.o(.text)
    TIM_SetIC1Prescaler                      0x08005f61   Thumb Code    18  stm32f4xx_tim.o(.text)
    TIM_ICInit                               0x08005fad   Thumb Code   110  stm32f4xx_tim.o(.text)
    TIM_ICStructInit                         0x0800601b   Thumb Code    18  stm32f4xx_tim.o(.text)
    TIM_PWMIConfig                           0x0800602d   Thumb Code   124  stm32f4xx_tim.o(.text)
    TIM_GetCapture1                          0x080060a9   Thumb Code     6  stm32f4xx_tim.o(.text)
    TIM_GetCapture2                          0x080060af   Thumb Code     6  stm32f4xx_tim.o(.text)
    TIM_GetCapture3                          0x080060b5   Thumb Code     6  stm32f4xx_tim.o(.text)
    TIM_GetCapture4                          0x080060bb   Thumb Code     6  stm32f4xx_tim.o(.text)
    TIM_BDTRConfig                           0x080060c1   Thumb Code    32  stm32f4xx_tim.o(.text)
    TIM_BDTRStructInit                       0x080060e1   Thumb Code    18  stm32f4xx_tim.o(.text)
    TIM_CtrlPWMOutputs                       0x080060f3   Thumb Code    30  stm32f4xx_tim.o(.text)
    TIM_SelectCOM                            0x08006111   Thumb Code    24  stm32f4xx_tim.o(.text)
    TIM_CCPreloadControl                     0x08006129   Thumb Code    24  stm32f4xx_tim.o(.text)
    TIM_ITConfig                             0x08006141   Thumb Code    18  stm32f4xx_tim.o(.text)
    TIM_GenerateEvent                        0x08006153   Thumb Code     4  stm32f4xx_tim.o(.text)
    TIM_GetFlagStatus                        0x08006157   Thumb Code    18  stm32f4xx_tim.o(.text)
    TIM_ClearFlag                            0x08006169   Thumb Code     6  stm32f4xx_tim.o(.text)
    TIM_GetITStatus                          0x0800616f   Thumb Code    34  stm32f4xx_tim.o(.text)
    TIM_ClearITPendingBit                    0x08006191   Thumb Code     6  stm32f4xx_tim.o(.text)
    TIM_DMAConfig                            0x08006197   Thumb Code    10  stm32f4xx_tim.o(.text)
    TIM_DMACmd                               0x080061a1   Thumb Code    18  stm32f4xx_tim.o(.text)
    TIM_SelectCCDMA                          0x080061b3   Thumb Code    24  stm32f4xx_tim.o(.text)
    TIM_InternalClockConfig                  0x080061cb   Thumb Code    12  stm32f4xx_tim.o(.text)
    TIM_SelectInputTrigger                   0x080061d7   Thumb Code    18  stm32f4xx_tim.o(.text)
    TIM_ITRxExternalClockConfig              0x080061e9   Thumb Code    24  stm32f4xx_tim.o(.text)
    TIM_TIxExternalClockConfig               0x08006201   Thumb Code    62  stm32f4xx_tim.o(.text)
    TIM_ETRConfig                            0x0800623f   Thumb Code    28  stm32f4xx_tim.o(.text)
    TIM_ETRClockMode1Config                  0x0800625b   Thumb Code    54  stm32f4xx_tim.o(.text)
    TIM_ETRClockMode2Config                  0x08006291   Thumb Code    32  stm32f4xx_tim.o(.text)
    TIM_SelectOutputTrigger                  0x080062b1   Thumb Code    18  stm32f4xx_tim.o(.text)
    TIM_SelectSlaveMode                      0x080062c3   Thumb Code    18  stm32f4xx_tim.o(.text)
    TIM_SelectMasterSlaveMode                0x080062d5   Thumb Code    18  stm32f4xx_tim.o(.text)
    TIM_EncoderInterfaceConfig               0x080062e7   Thumb Code    66  stm32f4xx_tim.o(.text)
    TIM_SelectHallSensor                     0x08006329   Thumb Code    24  stm32f4xx_tim.o(.text)
    TIM_RemapConfig                          0x08006341   Thumb Code     6  stm32f4xx_tim.o(.text)
    USART_DeInit                             0x08006349   Thumb Code   206  stm32f4xx_usart.o(.text)
    USART_Init                               0x08006417   Thumb Code   204  stm32f4xx_usart.o(.text)
    USART_StructInit                         0x080064e3   Thumb Code    24  stm32f4xx_usart.o(.text)
    USART_ClockInit                          0x080064fb   Thumb Code    32  stm32f4xx_usart.o(.text)
    USART_ClockStructInit                    0x0800651b   Thumb Code    12  stm32f4xx_usart.o(.text)
    USART_Cmd                                0x08006527   Thumb Code    24  stm32f4xx_usart.o(.text)
    USART_SetPrescaler                       0x0800653f   Thumb Code    16  stm32f4xx_usart.o(.text)
    USART_OverSampling8Cmd                   0x0800654f   Thumb Code    22  stm32f4xx_usart.o(.text)
    USART_OneBitMethodCmd                    0x08006565   Thumb Code    24  stm32f4xx_usart.o(.text)
    USART_SendData                           0x0800657d   Thumb Code     8  stm32f4xx_usart.o(.text)
    USART_ReceiveData                        0x08006585   Thumb Code    10  stm32f4xx_usart.o(.text)
    USART_SetAddress                         0x0800658f   Thumb Code    18  stm32f4xx_usart.o(.text)
    USART_ReceiverWakeUpCmd                  0x080065a1   Thumb Code    24  stm32f4xx_usart.o(.text)
    USART_WakeUpConfig                       0x080065b9   Thumb Code    18  stm32f4xx_usart.o(.text)
    USART_LINBreakDetectLengthConfig         0x080065cb   Thumb Code    18  stm32f4xx_usart.o(.text)
    USART_LINCmd                             0x080065dd   Thumb Code    24  stm32f4xx_usart.o(.text)
    USART_SendBreak                          0x080065f5   Thumb Code    10  stm32f4xx_usart.o(.text)
    USART_HalfDuplexCmd                      0x080065ff   Thumb Code    24  stm32f4xx_usart.o(.text)
    USART_SetGuardTime                       0x08006617   Thumb Code    16  stm32f4xx_usart.o(.text)
    USART_SmartCardCmd                       0x08006627   Thumb Code    24  stm32f4xx_usart.o(.text)
    USART_SmartCardNACKCmd                   0x0800663f   Thumb Code    24  stm32f4xx_usart.o(.text)
    USART_IrDAConfig                         0x08006657   Thumb Code    18  stm32f4xx_usart.o(.text)
    USART_IrDACmd                            0x08006669   Thumb Code    24  stm32f4xx_usart.o(.text)
    USART_DMACmd                             0x08006681   Thumb Code    18  stm32f4xx_usart.o(.text)
    USART_ITConfig                           0x08006693   Thumb Code    74  stm32f4xx_usart.o(.text)
    USART_GetFlagStatus                      0x080066dd   Thumb Code    26  stm32f4xx_usart.o(.text)
    USART_ClearFlag                          0x080066f7   Thumb Code    18  stm32f4xx_usart.o(.text)
    USART_GetITStatus                        0x08006709   Thumb Code   118  stm32f4xx_usart.o(.text)
    USART_ClearITPendingBit                  0x0800677f   Thumb Code    30  stm32f4xx_usart.o(.text)
    EXTI_DeInit                              0x0800679d   Thumb Code    28  stm32f4xx_exti.o(.text)
    EXTI_Init                                0x080067b9   Thumb Code   142  stm32f4xx_exti.o(.text)
    EXTI_StructInit                          0x08006847   Thumb Code    16  stm32f4xx_exti.o(.text)
    EXTI_GenerateSWInterrupt                 0x08006857   Thumb Code    16  stm32f4xx_exti.o(.text)
    EXTI_GetFlagStatus                       0x08006867   Thumb Code    22  stm32f4xx_exti.o(.text)
    EXTI_ClearFlag                           0x0800687d   Thumb Code     8  stm32f4xx_exti.o(.text)
    EXTI_GetITStatus                         0x08006885   Thumb Code    22  stm32f4xx_exti.o(.text)
    EXTI_ClearITPendingBit                   0x0800689b   Thumb Code     8  stm32f4xx_exti.o(.text)
    __use_no_semihosting                     0x080068ad   Thumb Code     2  use_no_semi_2.o(.text)
    __aeabi_ldivmod                          0x080068af   Thumb Code     0  llsdiv.o(.text)
    _ll_sdiv                                 0x080068af   Thumb Code    72  llsdiv.o(.text)
    __2printf                                0x080068f9   Thumb Code    20  noretval__2printf.o(.text)
    _printf_pre_padding                      0x08006911   Thumb Code    44  _printf_pad.o(.text)
    _printf_post_padding                     0x0800693d   Thumb Code    34  _printf_pad.o(.text)
    _printf_int_dec                          0x08006961   Thumb Code   100  _printf_dec.o(.text)
    _printf_int_hex                          0x080069d5   Thumb Code    84  _printf_hex_int.o(.text)
    _printf_longlong_hex                     0x080069d5   Thumb Code     0  _printf_hex_int.o(.text)
    __printf                                 0x08006a2d   Thumb Code   308  __printf_flags_wp.o(.text)
    memcmp                                   0x08006b65   Thumb Code    88  memcmp.o(.text)
    __aeabi_memcpy4                          0x08006bbd   Thumb Code     0  rt_memcpy_w.o(.text)
    __aeabi_memcpy8                          0x08006bbd   Thumb Code     0  rt_memcpy_w.o(.text)
    __rt_memcpy_w                            0x08006bbd   Thumb Code   100  rt_memcpy_w.o(.text)
    _memcpy_lastbytes_aligned                0x08006c05   Thumb Code     0  rt_memcpy_w.o(.text)
    __aeabi_memset                           0x08006c21   Thumb Code    16  aeabi_memset.o(.text)
    __use_two_region_memory                  0x08006c31   Thumb Code     2  heapauxi.o(.text)
    __rt_heap_escrow$2region                 0x08006c33   Thumb Code     2  heapauxi.o(.text)
    __rt_heap_expand$2region                 0x08006c35   Thumb Code     2  heapauxi.o(.text)
    __I$use$semihosting                      0x08006c37   Thumb Code     0  use_no_semi.o(.text)
    __use_no_semihosting_swi                 0x08006c37   Thumb Code     2  use_no_semi.o(.text)
    __aeabi_uldivmod                         0x08006c39   Thumb Code     0  lludivv7m.o(.text)
    _ll_udiv                                 0x08006c39   Thumb Code   238  lludivv7m.o(.text)
    __read_errno                             0x08006d27   Thumb Code    10  _rserrno.o(.text)
    __set_errno                              0x08006d31   Thumb Code    12  _rserrno.o(.text)
    _printf_int_common                       0x08006d3d   Thumb Code   178  _printf_intcommon.o(.text)
    _printf_char_file                        0x08006df1   Thumb Code    32  _printf_char_file.o(.text)
    __aeabi_memclr                           0x08006e15   Thumb Code     0  rt_memclr.o(.text)
    __rt_memclr                              0x08006e15   Thumb Code    68  rt_memclr.o(.text)
    _memset                                  0x08006e19   Thumb Code     0  rt_memclr.o(.text)
    __aeabi_errno_addr                       0x08006e59   Thumb Code     8  rt_errno_addr_intlibspace.o(.text)
    __errno$intlibspace                      0x08006e59   Thumb Code     0  rt_errno_addr_intlibspace.o(.text)
    __rt_errno_addr$intlibspace              0x08006e59   Thumb Code     0  rt_errno_addr_intlibspace.o(.text)
    _printf_char_common                      0x08006e6b   Thumb Code    32  _printf_char_common.o(.text)
    ferror                                   0x08006e91   Thumb Code     8  ferror.o(.text)
    __aeabi_memclr4                          0x08006e99   Thumb Code     0  rt_memclr_w.o(.text)
    __aeabi_memclr8                          0x08006e99   Thumb Code     0  rt_memclr_w.o(.text)
    __rt_memclr_w                            0x08006e99   Thumb Code    78  rt_memclr_w.o(.text)
    _memset_w                                0x08006e9d   Thumb Code     0  rt_memclr_w.o(.text)
    __user_libspace                          0x08006ee9   Thumb Code     8  libspace.o(.text)
    __user_perproc_libspace                  0x08006ee9   Thumb Code     0  libspace.o(.text)
    __user_perthread_libspace                0x08006ee9   Thumb Code     0  libspace.o(.text)
    __user_setup_stackheap                   0x08006ef1   Thumb Code    74  sys_stackheap_outer.o(.text)
    exit                                     0x08006f3b   Thumb Code    12  exit.o(.text)
    __ARM_fpclassify                         0x08006f47   Thumb Code    48  fpclassify.o(i.__ARM_fpclassify)
    __hardfp_asin                            0x08006f79   Thumb Code   770  asin.o(i.__hardfp_asin)
    __hardfp_atan                            0x080072e9   Thumb Code   632  atan.o(i.__hardfp_atan)
    __hardfp_atan2                           0x080075c9   Thumb Code   426  atan2.o(i.__hardfp_atan2)
    __kernel_poly                            0x080077b9   Thumb Code   248  poly.o(i.__kernel_poly)
    __mathlib_dbl_underflow                  0x080078b1   Thumb Code    24  dunder.o(i.__mathlib_dbl_underflow)
    _is_digit                                0x080078d1   Thumb Code    14  __printf_wp.o(i._is_digit)
    atan                                     0x080078df   Thumb Code    16  atan.o(i.atan)
    fabs                                     0x080078ef   Thumb Code    24  fabs.o(i.fabs)
    sqrt                                     0x08007907   Thumb Code   110  sqrt.o(i.sqrt)
    __aeabi_dneg                             0x08007975   Thumb Code     0  basic.o(x$fpl$basic)
    _dneg                                    0x08007975   Thumb Code     6  basic.o(x$fpl$basic)
    __aeabi_fneg                             0x0800797b   Thumb Code     0  basic.o(x$fpl$basic)
    _fneg                                    0x0800797b   Thumb Code     6  basic.o(x$fpl$basic)
    _dabs                                    0x08007981   Thumb Code     6  basic.o(x$fpl$basic)
    _fabs                                    0x08007987   Thumb Code     6  basic.o(x$fpl$basic)
    __aeabi_d2f                              0x0800798d   Thumb Code     0  d2f.o(x$fpl$d2f)
    _d2f                                     0x0800798d   Thumb Code    98  d2f.o(x$fpl$d2f)
    __aeabi_dadd                             0x080079f1   Thumb Code     0  daddsub_clz.o(x$fpl$dadd)
    _dadd                                    0x080079f1   Thumb Code   332  daddsub_clz.o(x$fpl$dadd)
    __fpl_dcmp_Inf                           0x08007b41   Thumb Code    24  dcmpi.o(x$fpl$dcmpinf)
    __aeabi_ddiv                             0x08007b59   Thumb Code     0  ddiv.o(x$fpl$ddiv)
    _ddiv                                    0x08007b59   Thumb Code   552  ddiv.o(x$fpl$ddiv)
    __aeabi_d2uiz                            0x08007e09   Thumb Code     0  dfixu.o(x$fpl$dfixu)
    _dfixu                                   0x08007e09   Thumb Code    90  dfixu.o(x$fpl$dfixu)
    __aeabi_i2d                              0x08007e63   Thumb Code     0  dflt_clz.o(x$fpl$dflt)
    _dflt                                    0x08007e63   Thumb Code    46  dflt_clz.o(x$fpl$dflt)
    __aeabi_ui2d                             0x08007e91   Thumb Code     0  dflt_clz.o(x$fpl$dfltu)
    _dfltu                                   0x08007e91   Thumb Code    38  dflt_clz.o(x$fpl$dfltu)
    __aeabi_cdcmple                          0x08007eb9   Thumb Code     0  dleqf.o(x$fpl$dleqf)
    _dcmple                                  0x08007eb9   Thumb Code   120  dleqf.o(x$fpl$dleqf)
    __fpl_dcmple_InfNaN                      0x08007f1b   Thumb Code     0  dleqf.o(x$fpl$dleqf)
    __aeabi_dmul                             0x08007f31   Thumb Code     0  dmul.o(x$fpl$dmul)
    _dmul                                    0x08007f31   Thumb Code   332  dmul.o(x$fpl$dmul)
    __fpl_dnaninf                            0x08008085   Thumb Code   156  dnaninf.o(x$fpl$dnaninf)
    __fpl_dretinf                            0x08008121   Thumb Code    12  dretinf.o(x$fpl$dretinf)
    __aeabi_cdrcmple                         0x0800812d   Thumb Code     0  drleqf.o(x$fpl$drleqf)
    _drcmple                                 0x0800812d   Thumb Code   108  drleqf.o(x$fpl$drleqf)
    __aeabi_drsub                            0x08008199   Thumb Code     0  daddsub_clz.o(x$fpl$drsb)
    _drsb                                    0x08008199   Thumb Code    22  daddsub_clz.o(x$fpl$drsb)
    _dsqrt                                   0x080081b1   Thumb Code   404  dsqrt_umaal.o(x$fpl$dsqrt)
    __aeabi_dsub                             0x08008349   Thumb Code     0  daddsub_clz.o(x$fpl$dsub)
    _dsub                                    0x08008349   Thumb Code   464  daddsub_clz.o(x$fpl$dsub)
    __aeabi_f2d                              0x0800851d   Thumb Code     0  f2d.o(x$fpl$f2d)
    _f2d                                     0x0800851d   Thumb Code    86  f2d.o(x$fpl$f2d)
    __fpl_fnaninf                            0x08008573   Thumb Code   140  fnaninf.o(x$fpl$fnaninf)
    _fp_init                                 0x080085ff   Thumb Code    10  fpinit.o(x$fpl$fpinit)
    __fplib_config_fpu_vfp                   0x08008607   Thumb Code     0  fpinit.o(x$fpl$fpinit)
    __fplib_config_pureend_doubles           0x08008607   Thumb Code     0  fpinit.o(x$fpl$fpinit)
    __fpl_fretinf                            0x08008609   Thumb Code    10  fretinf.o(x$fpl$fretinf)
    __I$use$fp                               0x08008612   Number         0  usenofp.o(x$fpl$usenofp)
    reg                                      0x08008614   Data          27  inv_mpu.o(.constdata)
    hw                                       0x08008630   Data          12  inv_mpu.o(.constdata)
    test                                     0x0800863c   Data          40  inv_mpu.o(.constdata)
    __mathlib_zero                           0x08009380   Data           8  qnan.o(.constdata)
    Region$$Table$$Base                      0x080093d8   Number         0  anon$$obj.o(Region$$Table)
    Region$$Table$$Limit                     0x080093f8   Number         0  anon$$obj.o(Region$$Table)
    SystemCoreClock                          0x20000000   Data           4  system_stm32f4xx.o(.data)
    AHBPrescTable                            0x20000004   Data          16  system_stm32f4xx.o(.data)
    flag                                     0x20000014   Data           1  timer.o(.data)
    pitch                                    0x20000050   Data           4  ctrl.o(.data)
    roll                                     0x20000054   Data           4  ctrl.o(.data)
    yaw                                      0x20000058   Data           4  ctrl.o(.data)
    aacx                                     0x2000005c   Data           2  ctrl.o(.data)
    aacy                                     0x2000005e   Data           2  ctrl.o(.data)
    aacz                                     0x20000060   Data           2  ctrl.o(.data)
    gyrox                                    0x20000062   Data           2  ctrl.o(.data)
    gyroy                                    0x20000064   Data           2  ctrl.o(.data)
    gyroz                                    0x20000066   Data           2  ctrl.o(.data)
    __stdout                                 0x2000006c   Data           4  usart.o(.data)
    USART_RX_STA                             0x20000070   Data           2  usart.o(.data)
    exp_point                                0x20000088   Data          32  main.o(.bss)
    USART_RX_BUF                             0x200000b8   Data         200  usart.o(.bss)
    __libspace_start                         0x20000180   Data          96  libspace.o(.bss)
    __temporary_stack_top$libspace           0x200001e0   Data           0  libspace.o(.bss)



==============================================================================

Memory Map of the image

  Image Entry point : 0x08000189

  Load Region LR_IROM1 (Base: 0x08000000, Size: 0x0000947c, Max: 0x00100000, ABSOLUTE)

    Execution Region ER_IROM1 (Base: 0x08000000, Size: 0x000093f8, Max: 0x00100000, ABSOLUTE)

    Base Addr    Size         Type   Attr      Idx    E Section Name        Object

    0x08000000   0x00000188   Data   RO          607    RESET               startup_stm32f40_41xxx.o
    0x08000188   0x00000008   Code   RO          822  * !!!main             c_w.l(__main.o)
    0x08000190   0x00000034   Code   RO         1120    !!!scatter          c_w.l(__scatter.o)
    0x080001c4   0x0000001a   Code   RO         1122    !!handler_copy      c_w.l(__scatter_copy.o)
    0x080001de   0x00000002   PAD
    0x080001e0   0x0000001c   Code   RO         1124    !!handler_zi        c_w.l(__scatter_zi.o)
    0x080001fc   0x00000000   Code   RO          813    .ARM.Collect$$_printf_percent$$00000000  c_w.l(_printf_percent.o)
    0x080001fc   0x00000006   Code   RO          812    .ARM.Collect$$_printf_percent$$00000009  c_w.l(_printf_d.o)
    0x08000202   0x00000006   Code   RO          811    .ARM.Collect$$_printf_percent$$0000000C  c_w.l(_printf_x.o)
    0x08000208   0x00000004   Code   RO          891    .ARM.Collect$$_printf_percent$$00000017  c_w.l(_printf_percent_end.o)
    0x0800020c   0x00000002   Code   RO          996    .ARM.Collect$$libinit$$00000000  c_w.l(libinit.o)
    0x0800020e   0x00000004   Code   RO         1003    .ARM.Collect$$libinit$$00000001  c_w.l(libinit2.o)
    0x08000212   0x00000000   Code   RO         1007    .ARM.Collect$$libinit$$00000008  c_w.l(libinit2.o)
    0x08000212   0x00000000   Code   RO         1009    .ARM.Collect$$libinit$$0000000A  c_w.l(libinit2.o)
    0x08000212   0x00000000   Code   RO         1011    .ARM.Collect$$libinit$$0000000C  c_w.l(libinit2.o)
    0x08000212   0x00000000   Code   RO         1014    .ARM.Collect$$libinit$$0000000F  c_w.l(libinit2.o)
    0x08000212   0x00000000   Code   RO         1016    .ARM.Collect$$libinit$$00000011  c_w.l(libinit2.o)
    0x08000212   0x00000000   Code   RO         1018    .ARM.Collect$$libinit$$00000013  c_w.l(libinit2.o)
    0x08000212   0x00000000   Code   RO         1020    .ARM.Collect$$libinit$$00000015  c_w.l(libinit2.o)
    0x08000212   0x00000000   Code   RO         1022    .ARM.Collect$$libinit$$00000017  c_w.l(libinit2.o)
    0x08000212   0x00000000   Code   RO         1024    .ARM.Collect$$libinit$$00000019  c_w.l(libinit2.o)
    0x08000212   0x00000000   Code   RO         1026    .ARM.Collect$$libinit$$0000001B  c_w.l(libinit2.o)
    0x08000212   0x00000000   Code   RO         1028    .ARM.Collect$$libinit$$0000001D  c_w.l(libinit2.o)
    0x08000212   0x00000000   Code   RO         1030    .ARM.Collect$$libinit$$0000001F  c_w.l(libinit2.o)
    0x08000212   0x00000000   Code   RO         1032    .ARM.Collect$$libinit$$00000021  c_w.l(libinit2.o)
    0x08000212   0x00000000   Code   RO         1034    .ARM.Collect$$libinit$$00000023  c_w.l(libinit2.o)
    0x08000212   0x00000000   Code   RO         1038    .ARM.Collect$$libinit$$0000002A  c_w.l(libinit2.o)
    0x08000212   0x00000000   Code   RO         1040    .ARM.Collect$$libinit$$0000002C  c_w.l(libinit2.o)
    0x08000212   0x00000000   Code   RO         1042    .ARM.Collect$$libinit$$0000002E  c_w.l(libinit2.o)
    0x08000212   0x00000000   Code   RO         1044    .ARM.Collect$$libinit$$00000030  c_w.l(libinit2.o)
    0x08000212   0x00000002   Code   RO         1045    .ARM.Collect$$libinit$$00000031  c_w.l(libinit2.o)
    0x08000214   0x00000002   Code   RO         1073    .ARM.Collect$$libshutdown$$00000000  c_w.l(libshutdown.o)
    0x08000216   0x00000000   Code   RO         1088    .ARM.Collect$$libshutdown$$00000003  c_w.l(libshutdown2.o)
    0x08000216   0x00000000   Code   RO         1091    .ARM.Collect$$libshutdown$$00000006  c_w.l(libshutdown2.o)
    0x08000216   0x00000000   Code   RO         1094    .ARM.Collect$$libshutdown$$00000009  c_w.l(libshutdown2.o)
    0x08000216   0x00000000   Code   RO         1096    .ARM.Collect$$libshutdown$$0000000B  c_w.l(libshutdown2.o)
    0x08000216   0x00000000   Code   RO         1099    .ARM.Collect$$libshutdown$$0000000E  c_w.l(libshutdown2.o)
    0x08000216   0x00000002   Code   RO         1100    .ARM.Collect$$libshutdown$$0000000F  c_w.l(libshutdown2.o)
    0x08000218   0x00000000   Code   RO          882    .ARM.Collect$$rtentry$$00000000  c_w.l(rtentry.o)
    0x08000218   0x00000000   Code   RO          947    .ARM.Collect$$rtentry$$00000002  c_w.l(rtentry2.o)
    0x08000218   0x00000006   Code   RO          959    .ARM.Collect$$rtentry$$00000004  c_w.l(rtentry4.o)
    0x0800021e   0x00000000   Code   RO          949    .ARM.Collect$$rtentry$$00000009  c_w.l(rtentry2.o)
    0x0800021e   0x00000004   Code   RO          950    .ARM.Collect$$rtentry$$0000000A  c_w.l(rtentry2.o)
    0x08000222   0x00000000   Code   RO          952    .ARM.Collect$$rtentry$$0000000C  c_w.l(rtentry2.o)
    0x08000222   0x00000008   Code   RO          953    .ARM.Collect$$rtentry$$0000000D  c_w.l(rtentry2.o)
    0x0800022a   0x00000002   Code   RO          997    .ARM.Collect$$rtexit$$00000000  c_w.l(rtexit.o)
    0x0800022c   0x00000000   Code   RO         1047    .ARM.Collect$$rtexit$$00000002  c_w.l(rtexit2.o)
    0x0800022c   0x00000004   Code   RO         1048    .ARM.Collect$$rtexit$$00000003  c_w.l(rtexit2.o)
    0x08000230   0x00000006   Code   RO         1049    .ARM.Collect$$rtexit$$00000004  c_w.l(rtexit2.o)
    0x08000236   0x00000002   PAD
    0x08000238   0x000000b8   Code   RO            3    .text               main.o
    0x080002f0   0x0000001a   Code   RO          174    .text               stm32f4xx_it.o
    0x0800030a   0x00000002   PAD
    0x0800030c   0x00000210   Code   RO          223    .text               system_stm32f4xx.o
    0x0800051c   0x000000b4   Code   RO          249    .text               led.o
    0x080005d0   0x000000b8   Code   RO          269    .text               timer.o
    0x08000688   0x0000025c   Code   RO          293    .text               myiic.o
    0x080008e4   0x00000384   Code   RO          336    .text               mpu6050.o
    0x08000c68   0x000022c0   Code   RO          356    .text               inv_mpu.o
    0x08002f28   0x00000d90   Code   RO          394    .text               inv_mpu_dmp_motion_driver.o
    0x08003cb8   0x000002e4   Code   RO          427    .text               pid.o
    0x08003f9c   0x0000029c   Code   RO          450    .text               pwm.o
    0x08004238   0x0000053c   Code   RO          470    .text               ctrl.o
    0x08004774   0x000001d0   Code   RO          496    .text               exti.o
    0x08004944   0x00000064   Code   RO          516    .text               mymath.o
    0x080049a8   0x00000104   Code   RO          536    .text               delay.o
    0x08004aac   0x00000154   Code   RO          576    .text               usart.o
    0x08004c00   0x00000040   Code   RO          608    .text               startup_stm32f40_41xxx.o
    0x08004c40   0x000000e0   Code   RO          614    .text               misc.o
    0x08004d20   0x00000294   Code   RO          634    .text               stm32f4xx_gpio.o
    0x08004fb4   0x0000065c   Code   RO          654    .text               stm32f4xx_rcc.o
    0x08005610   0x00000094   Code   RO          676    .text               stm32f4xx_syscfg.o
    0x080056a4   0x00000ca2   Code   RO          696    .text               stm32f4xx_tim.o
    0x08006346   0x00000002   PAD
    0x08006348   0x00000454   Code   RO          716    .text               stm32f4xx_usart.o
    0x0800679c   0x00000110   Code   RO          736    .text               stm32f4xx_exti.o
    0x080068ac   0x00000002   Code   RO          756    .text               c_w.l(use_no_semi_2.o)
    0x080068ae   0x00000048   Code   RO          758    .text               c_w.l(llsdiv.o)
    0x080068f6   0x00000002   PAD
    0x080068f8   0x00000018   Code   RO          762    .text               c_w.l(noretval__2printf.o)
    0x08006910   0x0000004e   Code   RO          766    .text               c_w.l(_printf_pad.o)
    0x0800695e   0x00000002   PAD
    0x08006960   0x00000074   Code   RO          768    .text               c_w.l(_printf_dec.o)
    0x080069d4   0x00000058   Code   RO          773    .text               c_w.l(_printf_hex_int.o)
    0x08006a2c   0x00000138   Code   RO          803    .text               c_w.l(__printf_flags_wp.o)
    0x08006b64   0x00000058   Code   RO          814    .text               c_w.l(memcmp.o)
    0x08006bbc   0x00000064   Code   RO          816    .text               c_w.l(rt_memcpy_w.o)
    0x08006c20   0x00000010   Code   RO          818    .text               c_w.l(aeabi_memset.o)
    0x08006c30   0x00000006   Code   RO          820    .text               c_w.l(heapauxi.o)
    0x08006c36   0x00000002   Code   RO          880    .text               c_w.l(use_no_semi.o)
    0x08006c38   0x000000ee   Code   RO          883    .text               c_w.l(lludivv7m.o)
    0x08006d26   0x00000016   Code   RO          885    .text               c_w.l(_rserrno.o)
    0x08006d3c   0x000000b2   Code   RO          887    .text               c_w.l(_printf_intcommon.o)
    0x08006dee   0x00000002   PAD
    0x08006df0   0x00000024   Code   RO          889    .text               c_w.l(_printf_char_file.o)
    0x08006e14   0x00000044   Code   RO          892    .text               c_w.l(rt_memclr.o)
    0x08006e58   0x00000008   Code   RO          968    .text               c_w.l(rt_errno_addr_intlibspace.o)
    0x08006e60   0x00000030   Code   RO          970    .text               c_w.l(_printf_char_common.o)
    0x08006e90   0x00000008   Code   RO          972    .text               c_w.l(ferror.o)
    0x08006e98   0x0000004e   Code   RO          976    .text               c_w.l(rt_memclr_w.o)
    0x08006ee6   0x00000002   PAD
    0x08006ee8   0x00000008   Code   RO          980    .text               c_w.l(libspace.o)
    0x08006ef0   0x0000004a   Code   RO          983    .text               c_w.l(sys_stackheap_outer.o)
    0x08006f3a   0x0000000c   Code   RO          989    .text               c_w.l(exit.o)
    0x08006f46   0x00000030   Code   RO          929    i.__ARM_fpclassify  m_wm.l(fpclassify.o)
    0x08006f76   0x00000002   PAD
    0x08006f78   0x00000370   Code   RO          854    i.__hardfp_asin     m_wm.l(asin.o)
    0x080072e8   0x000002e0   Code   RO          907    i.__hardfp_atan     m_wm.l(atan.o)
    0x080075c8   0x000001f0   Code   RO          868    i.__hardfp_atan2    m_wm.l(atan2.o)
    0x080077b8   0x000000f8   Code   RO          931    i.__kernel_poly     m_wm.l(poly.o)
    0x080078b0   0x00000020   Code   RO          921    i.__mathlib_dbl_underflow  m_wm.l(dunder.o)
    0x080078d0   0x0000000e   Code   RO          801    i._is_digit         c_w.l(__printf_wp.o)
    0x080078de   0x00000010   Code   RO          909    i.atan              m_wm.l(atan.o)
    0x080078ee   0x00000018   Code   RO          925    i.fabs              m_wm.l(fabs.o)
    0x08007906   0x0000006e   Code   RO          936    i.sqrt              m_wm.l(sqrt.o)
    0x08007974   0x00000018   Code   RO          894    x$fpl$basic         fz_wm.l(basic.o)
    0x0800798c   0x00000062   Code   RO          824    x$fpl$d2f           fz_wm.l(d2f.o)
    0x080079ee   0x00000002   PAD
    0x080079f0   0x00000150   Code   RO          826    x$fpl$dadd          fz_wm.l(daddsub_clz.o)
    0x08007b40   0x00000018   Code   RO          896    x$fpl$dcmpinf       fz_wm.l(dcmpi.o)
    0x08007b58   0x000002b0   Code   RO          833    x$fpl$ddiv          fz_wm.l(ddiv.o)
    0x08007e08   0x0000005a   Code   RO          836    x$fpl$dfixu         fz_wm.l(dfixu.o)
    0x08007e62   0x0000002e   Code   RO          841    x$fpl$dflt          fz_wm.l(dflt_clz.o)
    0x08007e90   0x00000026   Code   RO          840    x$fpl$dfltu         fz_wm.l(dflt_clz.o)
    0x08007eb6   0x00000002   PAD
    0x08007eb8   0x00000078   Code   RO          846    x$fpl$dleqf         fz_wm.l(dleqf.o)
    0x08007f30   0x00000154   Code   RO          848    x$fpl$dmul          fz_wm.l(dmul.o)
    0x08008084   0x0000009c   Code   RO          898    x$fpl$dnaninf       fz_wm.l(dnaninf.o)
    0x08008120   0x0000000c   Code   RO          900    x$fpl$dretinf       fz_wm.l(dretinf.o)
    0x0800812c   0x0000006c   Code   RO          850    x$fpl$drleqf        fz_wm.l(drleqf.o)
    0x08008198   0x00000016   Code   RO          827    x$fpl$drsb          fz_wm.l(daddsub_clz.o)
    0x080081ae   0x00000002   PAD
    0x080081b0   0x00000198   Code   RO          978    x$fpl$dsqrt         fz_wm.l(dsqrt_umaal.o)
    0x08008348   0x000001d4   Code   RO          828    x$fpl$dsub          fz_wm.l(daddsub_clz.o)
    0x0800851c   0x00000056   Code   RO          852    x$fpl$f2d           fz_wm.l(f2d.o)
    0x08008572   0x0000008c   Code   RO          902    x$fpl$fnaninf       fz_wm.l(fnaninf.o)
    0x080085fe   0x0000000a   Code   RO         1061    x$fpl$fpinit        fz_wm.l(fpinit.o)
    0x08008608   0x0000000a   Code   RO          904    x$fpl$fretinf       fz_wm.l(fretinf.o)
    0x08008612   0x00000000   Code   RO          906    x$fpl$usenofp       fz_wm.l(usenofp.o)
    0x08008612   0x00000002   PAD
    0x08008614   0x00000050   Data   RO          357    .constdata          inv_mpu.o
    0x08008664   0x00000bf6   Data   RO          396    .constdata          inv_mpu_dmp_motion_driver.o
    0x0800925a   0x00000028   Data   RO          774    .constdata          c_w.l(_printf_hex_int.o)
    0x08009282   0x00000011   Data   RO          804    .constdata          c_w.l(__printf_flags_wp.o)
    0x08009293   0x00000005   PAD
    0x08009298   0x00000050   Data   RO          857    .constdata          m_wm.l(asin.o)
    0x080092e8   0x00000098   Data   RO          910    .constdata          m_wm.l(atan.o)
    0x08009380   0x00000008   Data   RO          933    .constdata          m_wm.l(qnan.o)
    0x08009388   0x0000004d   Data   RO          358    .conststring        inv_mpu.o
    0x080093d5   0x00000003   PAD
    0x080093d8   0x00000020   Data   RO         1118    Region$$Table       anon$$obj.o


    Execution Region RW_IRAM1 (Base: 0x20000000, Size: 0x000007e0, Max: 0x00020000, ABSOLUTE)

    Base Addr    Size         Type   Attr      Idx    E Section Name        Object

    0x20000000   0x00000014   Data   RW          224    .data               system_stm32f4xx.o
    0x20000014   0x00000001   Data   RW          270    .data               timer.o
    0x20000015   0x00000003   PAD
    0x20000018   0x00000035   Data   RW          359    .data               inv_mpu.o
    0x2000004d   0x00000003   PAD
    0x20000050   0x00000018   Data   RW          471    .data               ctrl.o
    0x20000068   0x00000004   Data   RW          537    .data               delay.o
    0x2000006c   0x00000006   Data   RW          578    .data               usart.o
    0x20000072   0x00000010   Data   RW          655    .data               stm32f4xx_rcc.o
    0x20000082   0x00000006   PAD
    0x20000088   0x00000020   Zero   RW            4    .bss                main.o
    0x200000a8   0x00000010   Zero   RW          395    .bss                inv_mpu_dmp_motion_driver.o
    0x200000b8   0x000000c8   Zero   RW          577    .bss                usart.o
    0x20000180   0x00000060   Zero   RW          981    .bss                c_w.l(libspace.o)
    0x200001e0   0x00000200   Zero   RW          606    HEAP                startup_stm32f40_41xxx.o
    0x200003e0   0x00000400   Zero   RW          605    STACK               startup_stm32f40_41xxx.o


==============================================================================

Image component sizes


      Code (inc. data)   RO Data    RW Data    ZI Data      Debug   Object Name

      1340        142          0         24          0       3024   ctrl.o
       260          8          0          4          0       1489   delay.o
       464         22          0          0          0       1075   exti.o
      8896        222        157         53          0      23913   inv_mpu.o
      3472        142       3062          0         16      15291   inv_mpu_dmp_motion_driver.o
       180         14          0          0          0        631   led.o
       184         26          0          0         32     285399   main.o
       224         20          0          0          0       1873   misc.o
       900         22          0          0          0       4307   mpu6050.o
       604         14          0          0          0       1924   myiic.o
       100          0          0          0          0        732   mymath.o
       740          8          0          0          0       2918   pid.o
       668         20          0          0          0       2110   pwm.o
        64         26        392          0       1536        920   startup_stm32f40_41xxx.o
       272         10          0          0          0       2319   stm32f4xx_exti.o
       660         44          0          0          0       4149   stm32f4xx_gpio.o
        26          0          0          0          0       1250   stm32f4xx_it.o
      1628         52          0         16          0      12964   stm32f4xx_rcc.o
       148         12          0          0          0       1873   stm32f4xx_syscfg.o
      3234         60          0          0          0      22352   stm32f4xx_tim.o
      1108         34          0          0          0       7848   stm32f4xx_usart.o
       528         46          0         20          0       1859   system_stm32f4xx.o
       184         18          0          1          0       1091   timer.o
       340         18          0          6        200       3398   usart.o

    ----------------------------------------------------------------------
     26228        980       3646        132       1788     404709   Object Totals
         0          0         32          0          0          0   (incl. Generated)
         4          0          3          8          4          0   (incl. Padding)

    ----------------------------------------------------------------------

      Code (inc. data)   RO Data    RW Data    ZI Data      Debug   Library Member Name

         8          0          0          0          0         68   __main.o
       312          4         17          0          0         92   __printf_flags_wp.o
        14          0          0          0          0         68   __printf_wp.o
        52          8          0          0          0          0   __scatter.o
        26          0          0          0          0          0   __scatter_copy.o
        28          0          0          0          0          0   __scatter_zi.o
        48          6          0          0          0         96   _printf_char_common.o
        36          4          0          0          0         80   _printf_char_file.o
         6          0          0          0          0          0   _printf_d.o
       116         16          0          0          0         92   _printf_dec.o
        88          4         40          0          0         88   _printf_hex_int.o
       178          0          0          0          0         88   _printf_intcommon.o
        78          0          0          0          0        108   _printf_pad.o
         0          0          0          0          0          0   _printf_percent.o
         4          0          0          0          0          0   _printf_percent_end.o
         6          0          0          0          0          0   _printf_x.o
        22          0          0          0          0        100   _rserrno.o
        16          0          0          0          0         68   aeabi_memset.o
        12          0          0          0          0         72   exit.o
         8          0          0          0          0         68   ferror.o
         6          0          0          0          0        152   heapauxi.o
         2          0          0          0          0          0   libinit.o
         6          0          0          0          0          0   libinit2.o
         2          0          0          0          0          0   libshutdown.o
         2          0          0          0          0          0   libshutdown2.o
         8          4          0          0         96         68   libspace.o
        72          0          0          0          0         76   llsdiv.o
       238          0          0          0          0        100   lludivv7m.o
        88          0          0          0          0         76   memcmp.o
        24          4          0          0          0         84   noretval__2printf.o
         8          4          0          0          0         68   rt_errno_addr_intlibspace.o
        68          0          0          0          0         68   rt_memclr.o
        78          0          0          0          0         80   rt_memclr_w.o
       100          0          0          0          0         80   rt_memcpy_w.o
         0          0          0          0          0          0   rtentry.o
        12          0          0          0          0          0   rtentry2.o
         6          0          0          0          0          0   rtentry4.o
         2          0          0          0          0          0   rtexit.o
        10          0          0          0          0          0   rtexit2.o
        74          0          0          0          0         80   sys_stackheap_outer.o
         2          0          0          0          0         68   use_no_semi.o
         2          0          0          0          0         68   use_no_semi_2.o
        24          0          0          0          0        164   basic.o
        98          4          0          0          0        140   d2f.o
       826         16          0          0          0        492   daddsub_clz.o
        24          0          0          0          0        116   dcmpi.o
       688        140          0          0          0        256   ddiv.o
        90          4          0          0          0        140   dfixu.o
        84          0          0          0          0        232   dflt_clz.o
       120          4          0          0          0        140   dleqf.o
       340         12          0          0          0        152   dmul.o
       156          4          0          0          0        140   dnaninf.o
        12          0          0          0          0        116   dretinf.o
       108          0          0          0          0        128   drleqf.o
       408         56          0          0          0        168   dsqrt_umaal.o
        86          4          0          0          0        132   f2d.o
       140          4          0          0          0        132   fnaninf.o
        10          0          0          0          0        116   fpinit.o
        10          0          0          0          0        116   fretinf.o
         0          0          0          0          0          0   usenofp.o
       880        110         80          0          0        200   asin.o
       752        104        152          0          0        344   atan.o
       496         70          0          0          0        156   atan2.o
        32          8          0          0          0        124   dunder.o
        24          0          0          0          0        124   fabs.o
        48          0          0          0          0        124   fpclassify.o
       248          0          0          0          0        152   poly.o
         0          0          8          0          0          0   qnan.o
       110          0          0          0          0        148   sqrt.o

    ----------------------------------------------------------------------
      7704        594        302          0         96       6408   Library Totals
        22          0          5          0          0          0   (incl. Padding)

    ----------------------------------------------------------------------

      Code (inc. data)   RO Data    RW Data    ZI Data      Debug   Library Name

      1868         54         57          0         96       2156   c_w.l
      3224        248          0          0          0       2880   fz_wm.l
      2590        292        240          0          0       1372   m_wm.l

    ----------------------------------------------------------------------
      7704        594        302          0         96       6408   Library Totals

    ----------------------------------------------------------------------

==============================================================================


      Code (inc. data)   RO Data    RW Data    ZI Data      Debug   

     33932       1574       3948        132       1884     402873   Grand Totals
     33932       1574       3948        132       1884     402873   ELF Image Totals
     33932       1574       3948        132          0          0   ROM Totals

==============================================================================

    Total RO  Size (Code + RO Data)                37880 (  36.99kB)
    Total RW  Size (RW Data + ZI Data)              2016 (   1.97kB)
    Total ROM Size (Code + RO Data + RW Data)      38012 (  37.12kB)

==============================================================================

